Archive member included to satisfy reference by file (symbol)

/Applications/ARM/bin/../lib/gcc/arm-none-eabi/10.3.1/../../../../arm-none-eabi/lib/thumb/v7-m/nofp/libg.a(lib_a-errno.o)
                              CMakeFiles/SerialPort_TO_CAN.elf.dir/Core/Src/syscalls.c.obj (__errno)
/Applications/ARM/bin/../lib/gcc/arm-none-eabi/10.3.1/../../../../arm-none-eabi/lib/thumb/v7-m/nofp/libg.a(lib_a-exit.o)
                              /Applications/ARM/bin/../lib/gcc/arm-none-eabi/10.3.1/../../../../arm-none-eabi/lib/thumb/v7-m/nofp/crt0.o (exit)
/Applications/ARM/bin/../lib/gcc/arm-none-eabi/10.3.1/../../../../arm-none-eabi/lib/thumb/v7-m/nofp/libg.a(lib_a-impure.o)
                              /Applications/ARM/bin/../lib/gcc/arm-none-eabi/10.3.1/../../../../arm-none-eabi/lib/thumb/v7-m/nofp/libg.a(lib_a-exit.o) (_global_impure_ptr)
/Applications/ARM/bin/../lib/gcc/arm-none-eabi/10.3.1/../../../../arm-none-eabi/lib/thumb/v7-m/nofp/libg.a(lib_a-init.o)
                              /Applications/ARM/bin/../lib/gcc/arm-none-eabi/10.3.1/../../../../arm-none-eabi/lib/thumb/v7-m/nofp/crt0.o (__libc_init_array)
/Applications/ARM/bin/../lib/gcc/arm-none-eabi/10.3.1/../../../../arm-none-eabi/lib/thumb/v7-m/nofp/libg.a(lib_a-memset.o)
                              /Applications/ARM/bin/../lib/gcc/arm-none-eabi/10.3.1/../../../../arm-none-eabi/lib/thumb/v7-m/nofp/crt0.o (memset)
/Applications/ARM/bin/../lib/gcc/arm-none-eabi/10.3.1/../../../../arm-none-eabi/lib/thumb/v7-m/nofp/libg.a(lib_a-__call_atexit.o)
                              /Applications/ARM/bin/../lib/gcc/arm-none-eabi/10.3.1/../../../../arm-none-eabi/lib/thumb/v7-m/nofp/libg.a(lib_a-exit.o) (__call_exitprocs)
/Applications/ARM/bin/../lib/gcc/arm-none-eabi/10.3.1/../../../../arm-none-eabi/lib/thumb/v7-m/nofp/libg.a(lib_a-atexit.o)
                              /Applications/ARM/bin/../lib/gcc/arm-none-eabi/10.3.1/../../../../arm-none-eabi/lib/thumb/v7-m/nofp/libg.a(lib_a-__call_atexit.o) (atexit)
/Applications/ARM/bin/../lib/gcc/arm-none-eabi/10.3.1/../../../../arm-none-eabi/lib/thumb/v7-m/nofp/libg.a(lib_a-fini.o)
                              /Applications/ARM/bin/../lib/gcc/arm-none-eabi/10.3.1/../../../../arm-none-eabi/lib/thumb/v7-m/nofp/libg.a(lib_a-__call_atexit.o) (__libc_fini_array)
/Applications/ARM/bin/../lib/gcc/arm-none-eabi/10.3.1/../../../../arm-none-eabi/lib/thumb/v7-m/nofp/libg.a(lib_a-lock.o)
                              /Applications/ARM/bin/../lib/gcc/arm-none-eabi/10.3.1/../../../../arm-none-eabi/lib/thumb/v7-m/nofp/libg.a(lib_a-__call_atexit.o) (__retarget_lock_acquire_recursive)
/Applications/ARM/bin/../lib/gcc/arm-none-eabi/10.3.1/../../../../arm-none-eabi/lib/thumb/v7-m/nofp/libg.a(lib_a-__atexit.o)
                              /Applications/ARM/bin/../lib/gcc/arm-none-eabi/10.3.1/../../../../arm-none-eabi/lib/thumb/v7-m/nofp/libg.a(lib_a-atexit.o) (__register_exitproc)

Discarded input sections

 .text          0x0000000000000000        0x0 /Applications/ARM/bin/../lib/gcc/arm-none-eabi/10.3.1/thumb/v7-m/nofp/crti.o
 .data          0x0000000000000000        0x0 /Applications/ARM/bin/../lib/gcc/arm-none-eabi/10.3.1/thumb/v7-m/nofp/crti.o
 .bss           0x0000000000000000        0x0 /Applications/ARM/bin/../lib/gcc/arm-none-eabi/10.3.1/thumb/v7-m/nofp/crti.o
 .data          0x0000000000000000        0x4 /Applications/ARM/bin/../lib/gcc/arm-none-eabi/10.3.1/thumb/v7-m/nofp/crtbegin.o
 .rodata        0x0000000000000000       0x24 /Applications/ARM/bin/../lib/gcc/arm-none-eabi/10.3.1/thumb/v7-m/nofp/crtbegin.o
 .text          0x0000000000000000       0x7c /Applications/ARM/bin/../lib/gcc/arm-none-eabi/10.3.1/../../../../arm-none-eabi/lib/thumb/v7-m/nofp/crt0.o
 .data          0x0000000000000000        0x0 /Applications/ARM/bin/../lib/gcc/arm-none-eabi/10.3.1/../../../../arm-none-eabi/lib/thumb/v7-m/nofp/crt0.o
 .bss           0x0000000000000000        0x0 /Applications/ARM/bin/../lib/gcc/arm-none-eabi/10.3.1/../../../../arm-none-eabi/lib/thumb/v7-m/nofp/crt0.o
 .ARM.extab     0x0000000000000000        0x0 /Applications/ARM/bin/../lib/gcc/arm-none-eabi/10.3.1/../../../../arm-none-eabi/lib/thumb/v7-m/nofp/crt0.o
 .ARM.exidx     0x0000000000000000       0x10 /Applications/ARM/bin/../lib/gcc/arm-none-eabi/10.3.1/../../../../arm-none-eabi/lib/thumb/v7-m/nofp/crt0.o
 .ARM.attributes
                0x0000000000000000       0x1b /Applications/ARM/bin/../lib/gcc/arm-none-eabi/10.3.1/../../../../arm-none-eabi/lib/thumb/v7-m/nofp/crt0.o
 .text          0x0000000000000000        0x0 CMakeFiles/SerialPort_TO_CAN.elf.dir/Core/Src/gpio.c.obj
 .data          0x0000000000000000        0x0 CMakeFiles/SerialPort_TO_CAN.elf.dir/Core/Src/gpio.c.obj
 .bss           0x0000000000000000        0x0 CMakeFiles/SerialPort_TO_CAN.elf.dir/Core/Src/gpio.c.obj
 .text          0x0000000000000000        0x0 CMakeFiles/SerialPort_TO_CAN.elf.dir/Core/Src/main.c.obj
[...]
Memory Configuration

Name             Origin             Length             Attributes
RAM              0x0000000020000000 0x0000000000005000 xrw
FLASH            0x0000000008000000 0x0000000000010000 xr
*default*        0x0000000000000000 0xffffffffffffffff

Linker script and memory map

LOAD /Applications/ARM/bin/../lib/gcc/arm-none-eabi/10.3.1/thumb/v7-m/nofp/crti.o
LOAD /Applications/ARM/bin/../lib/gcc/arm-none-eabi/10.3.1/thumb/v7-m/nofp/crtbegin.o
LOAD /Applications/ARM/bin/../lib/gcc/arm-none-eabi/10.3.1/../../../../arm-none-eabi/lib/thumb/v7-m/nofp/crt0.o
LOAD CMakeFiles/SerialPort_TO_CAN.elf.dir/Core/Src/gpio.c.obj
LOAD CMakeFiles/SerialPort_TO_CAN.elf.dir/Core/Src/main.c.obj
LOAD CMakeFiles/SerialPort_TO_CAN.elf.dir/Core/Src/stm32f1xx_hal_msp.c.obj
LOAD CMakeFiles/SerialPort_TO_CAN.elf.dir/Core/Src/stm32f1xx_it.c.obj
LOAD CMakeFiles/SerialPort_TO_CAN.elf.dir/Core/Src/syscalls.c.obj
LOAD CMakeFiles/SerialPort_TO_CAN.elf.dir/Core/Src/sysmem.c.obj
LOAD CMakeFiles/SerialPort_TO_CAN.elf.dir/Core/Src/system_stm32f1xx.c.obj
LOAD CMakeFiles/SerialPort_TO_CAN.elf.dir/Core/Startup/startup_stm32f103c8tx.s.obj
LOAD CMakeFiles/SerialPort_TO_CAN.elf.dir/Drivers/STM32F1xx_HAL_Driver/Src/stm32f1xx_hal.c.obj
LOAD CMakeFiles/SerialPort_TO_CAN.elf.dir/Drivers/STM32F1xx_HAL_Driver/Src/stm32f1xx_hal_cortex.c.obj
LOAD CMakeFiles/SerialPort_TO_CAN.elf.dir/Drivers/STM32F1xx_HAL_Driver/Src/stm32f1xx_hal_dma.c.obj
LOAD CMakeFiles/SerialPort_TO_CAN.elf.dir/Drivers/STM32F1xx_HAL_Driver/Src/stm32f1xx_hal_exti.c.obj
LOAD CMakeFiles/SerialPort_TO_CAN.elf.dir/Drivers/STM32F1xx_HAL_Driver/Src/stm32f1xx_hal_flash.c.obj
LOAD CMakeFiles/SerialPort_TO_CAN.elf.dir/Drivers/STM32F1xx_HAL_Driver/Src/stm32f1xx_hal_flash_ex.c.obj
LOAD CMakeFiles/SerialPort_TO_CAN.elf.dir/Drivers/STM32F1xx_HAL_Driver/Src/stm32f1xx_hal_gpio.c.obj
LOAD CMakeFiles/SerialPort_TO_CAN.elf.dir/Drivers/STM32F1xx_HAL_Driver/Src/stm32f1xx_hal_gpio_ex.c.obj
LOAD CMakeFiles/SerialPort_TO_CAN.elf.dir/Drivers/STM32F1xx_HAL_Driver/Src/stm32f1xx_hal_pwr.c.obj
LOAD CMakeFiles/SerialPort_TO_CAN.elf.dir/Drivers/STM32F1xx_HAL_Driver/Src/stm32f1xx_hal_rcc.c.obj
LOAD CMakeFiles/SerialPort_TO_CAN.elf.dir/Drivers/STM32F1xx_HAL_Driver/Src/stm32f1xx_hal_rcc_ex.c.obj
LOAD CMakeFiles/SerialPort_TO_CAN.elf.dir/Drivers/STM32F1xx_HAL_Driver/Src/stm32f1xx_hal_tim.c.obj
LOAD CMakeFiles/SerialPort_TO_CAN.elf.dir/Drivers/STM32F1xx_HAL_Driver/Src/stm32f1xx_hal_tim_ex.c.obj
START GROUP
LOAD /Applications/ARM/bin/../lib/gcc/arm-none-eabi/10.3.1/thumb/v7-m/nofp/libgcc.a
LOAD /Applications/ARM/bin/../lib/gcc/arm-none-eabi/10.3.1/../../../../arm-none-eabi/lib/thumb/v7-m/nofp/libg.a
LOAD /Applications/ARM/bin/../lib/gcc/arm-none-eabi/10.3.1/../../../../arm-none-eabi/lib/thumb/v7-m/nofp/libc.a
END GROUP
LOAD /Applications/ARM/bin/../lib/gcc/arm-none-eabi/10.3.1/thumb/v7-m/nofp/crtend.o
LOAD /Applications/ARM/bin/../lib/gcc/arm-none-eabi/10.3.1/thumb/v7-m/nofp/crtn.o
                0x0000000020005000                _estack = (ORIGIN (RAM) + LENGTH (RAM))
                0x0000000000000200                _Min_Heap_Size = 0x200
                0x0000000000000400                _Min_Stack_Size = 0x400

.isr_vector     0x0000000008000000      0x10c
                0x0000000008000000                . = ALIGN (0x4)
 *(.isr_vector)
 .isr_vector    0x0000000008000000      0x10c CMakeFiles/SerialPort_TO_CAN.elf.dir/Core/Startup/startup_stm32f103c8tx.s.obj
                0x0000000008000000                g_pfnVectors
                0x000000000800010c                . = ALIGN (0x4)

.text           0x000000000800010c      0xd38
                0x000000000800010c                . = ALIGN (0x4)
 *(.text)
 .text          0x000000000800010c       0x40 /Applications/ARM/bin/../lib/gcc/arm-none-eabi/10.3.1/thumb/v7-m/nofp/crtbegin.o
 *(.text*)
 .text.MX_GPIO_Init
                0x000000000800014c       0x74 CMakeFiles/SerialPort_TO_CAN.elf.dir/Core/Src/gpio.c.obj
                0x000000000800014c                MX_GPIO_Init
 .text.Error_Handler
                0x00000000080001c0        0x4 CMakeFiles/SerialPort_TO_CAN.elf.dir/Core/Src/main.c.obj
                0x00000000080001c0                Error_Handler
 .text.SystemClock_Config
                0x00000000080001c4       0x64 CMakeFiles/SerialPort_TO_CAN.elf.dir/Core/Src/main.c.obj
                0x00000000080001c4                SystemClock_Config
 .text.main     0x0000000008000228       0x10 CMakeFiles/SerialPort_TO_CAN.elf.dir/Core/Src/main.c.obj
                0x0000000008000228                main
 .text.HAL_MspInit
                0x0000000008000238       0x44 CMakeFiles/SerialPort_TO_CAN.elf.dir/Core/Src/stm32f1xx_hal_msp.c.obj
                0x0000000008000238                HAL_MspInit
 .text.NMI_Handler
                0x000000000800027c        0x2 CMakeFiles/SerialPort_TO_CAN.elf.dir/Core/Src/stm32f1xx_it.c.obj
                0x000000000800027c                NMI_Handler
 .text.HardFault_Handler
                0x000000000800027e        0x2 CMakeFiles/SerialPort_TO_CAN.elf.dir/Core/Src/stm32f1xx_it.c.obj
                0x000000000800027e                HardFault_Handler
 .text.MemManage_Handler
                0x0000000008000280        0x2 CMakeFiles/SerialPort_TO_CAN.elf.dir/Core/Src/stm32f1xx_it.c.obj
                0x0000000008000280                MemManage_Handler
 .text.BusFault_Handler
                0x0000000008000282        0x2 CMakeFiles/SerialPort_TO_CAN.elf.dir/Core/Src/stm32f1xx_it.c.obj
                0x0000000008000282                BusFault_Handler
 .text.UsageFault_Handler
                0x0000000008000284        0x2 CMakeFiles/SerialPort_TO_CAN.elf.dir/Core/Src/stm32f1xx_it.c.obj
                0x0000000008000284                UsageFault_Handler
 .text.SVC_Handler
                0x0000000008000286        0x2 CMakeFiles/SerialPort_TO_CAN.elf.dir/Core/Src/stm32f1xx_it.c.obj
                0x0000000008000286                SVC_Handler
 .text.DebugMon_Handler
                0x0000000008000288        0x2 CMakeFiles/SerialPort_TO_CAN.elf.dir/Core/Src/stm32f1xx_it.c.obj
                0x0000000008000288                DebugMon_Handler
 .text.PendSV_Handler
                0x000000000800028a        0x2 CMakeFiles/SerialPort_TO_CAN.elf.dir/Core/Src/stm32f1xx_it.c.obj
                0x000000000800028a                PendSV_Handler
 .text.SysTick_Handler
                0x000000000800028c        0x8 CMakeFiles/SerialPort_TO_CAN.elf.dir/Core/Src/stm32f1xx_it.c.obj
                0x000000000800028c                SysTick_Handler
 .text.SystemInit
                0x0000000008000294        0x2 CMakeFiles/SerialPort_TO_CAN.elf.dir/Core/Src/system_stm32f1xx.c.obj
                0x0000000008000294                SystemInit
 *fill*         0x0000000008000296        0x2 
 .text.Reset_Handler
                0x0000000008000298       0x48 CMakeFiles/SerialPort_TO_CAN.elf.dir/Core/Startup/startup_stm32f103c8tx.s.obj
                0x0000000008000298                Reset_Handler
 .text.Default_Handler
                0x00000000080002e0        0x2 CMakeFiles/SerialPort_TO_CAN.elf.dir/Core/Startup/startup_stm32f103c8tx.s.obj
                0x00000000080002e0                USBWakeUp_IRQHandler
                0x00000000080002e0                EXTI2_IRQHandler
                0x00000000080002e0                TIM1_CC_IRQHandler
                0x00000000080002e0                PVD_IRQHandler
                0x00000000080002e0                EXTI3_IRQHandler
                0x00000000080002e0                EXTI0_IRQHandler
                0x00000000080002e0                I2C2_EV_IRQHandler
                0x00000000080002e0                ADC1_2_IRQHandler
                0x00000000080002e0                SPI1_IRQHandler
                0x00000000080002e0                TAMPER_IRQHandler
                0x00000000080002e0                DMA1_Channel4_IRQHandler
                0x00000000080002e0                USART3_IRQHandler
                0x00000000080002e0                RTC_IRQHandler
                0x00000000080002e0                DMA1_Channel7_IRQHandler
                0x00000000080002e0                CAN1_RX1_IRQHandler
                0x00000000080002e0                TIM4_IRQHandler
                0x00000000080002e0                I2C1_EV_IRQHandler
                0x00000000080002e0                DMA1_Channel6_IRQHandler
                0x00000000080002e0                TIM3_IRQHandler
                0x00000000080002e0                RCC_IRQHandler
                0x00000000080002e0                TIM1_TRG_COM_IRQHandler
                0x00000000080002e0                DMA1_Channel1_IRQHandler
                0x00000000080002e0                Default_Handler
                0x00000000080002e0                EXTI15_10_IRQHandler
                0x00000000080002e0                EXTI9_5_IRQHandler
                0x00000000080002e0                SPI2_IRQHandler
                0x00000000080002e0                DMA1_Channel5_IRQHandler
                0x00000000080002e0                EXTI4_IRQHandler
                0x00000000080002e0                USB_LP_CAN1_RX0_IRQHandler
                0x00000000080002e0                USB_HP_CAN1_TX_IRQHandler
                0x00000000080002e0                DMA1_Channel3_IRQHandler
                0x00000000080002e0                TIM1_UP_IRQHandler
                0x00000000080002e0                WWDG_IRQHandler
                0x00000000080002e0                TIM2_IRQHandler
                0x00000000080002e0                TIM1_BRK_IRQHandler
                0x00000000080002e0                EXTI1_IRQHandler
                0x00000000080002e0                USART2_IRQHandler
                0x00000000080002e0                I2C2_ER_IRQHandler
                0x00000000080002e0                DMA1_Channel2_IRQHandler
                0x00000000080002e0                CAN1_SCE_IRQHandler
                0x00000000080002e0                FLASH_IRQHandler
                0x00000000080002e0                USART1_IRQHandler
                0x00000000080002e0                I2C1_ER_IRQHandler
                0x00000000080002e0                RTC_Alarm_IRQHandler
 *fill*         0x00000000080002e2        0x2 
 .text.HAL_InitTick
                0x00000000080002e4       0x4c CMakeFiles/SerialPort_TO_CAN.elf.dir/Drivers/STM32F1xx_HAL_Driver/Src/stm32f1xx_hal.c.obj
                0x00000000080002e4                HAL_InitTick
 .text.HAL_Init
                0x0000000008000330       0x24 CMakeFiles/SerialPort_TO_CAN.elf.dir/Drivers/STM32F1xx_HAL_Driver/Src/stm32f1xx_hal.c.obj
                0x0000000008000330                HAL_Init
 .text.HAL_IncTick
                0x0000000008000354       0x18 CMakeFiles/SerialPort_TO_CAN.elf.dir/Drivers/STM32F1xx_HAL_Driver/Src/stm32f1xx_hal.c.obj
                0x0000000008000354                HAL_IncTick
 .text.HAL_GetTick
                0x000000000800036c        0xc CMakeFiles/SerialPort_TO_CAN.elf.dir/Drivers/STM32F1xx_HAL_Driver/Src/stm32f1xx_hal.c.obj
                0x000000000800036c                HAL_GetTick
 .text.HAL_NVIC_SetPriorityGrouping
                0x0000000008000378       0x24 CMakeFiles/SerialPort_TO_CAN.elf.dir/Drivers/STM32F1xx_HAL_Driver/Src/stm32f1xx_hal_cortex.c.obj
                0x0000000008000378                HAL_NVIC_SetPriorityGrouping
 .text.HAL_NVIC_SetPriority
                0x000000000800039c       0x70 CMakeFiles/SerialPort_TO_CAN.elf.dir/Drivers/STM32F1xx_HAL_Driver/Src/stm32f1xx_hal_cortex.c.obj
                0x000000000800039c                HAL_NVIC_SetPriority
 .text.HAL_SYSTICK_Config
                0x000000000800040c       0x28 CMakeFiles/SerialPort_TO_CAN.elf.dir/Drivers/STM32F1xx_HAL_Driver/Src/stm32f1xx_hal_cortex.c.obj
                0x000000000800040c                HAL_SYSTICK_Config
 .text.HAL_GPIO_Init
                0x0000000008000434      0x224 CMakeFiles/SerialPort_TO_CAN.elf.dir/Drivers/STM32F1xx_HAL_Driver/Src/stm32f1xx_hal_gpio.c.obj
                0x0000000008000434                HAL_GPIO_Init
 .text.HAL_GPIO_WritePin
                0x0000000008000658        0xc CMakeFiles/SerialPort_TO_CAN.elf.dir/Drivers/STM32F1xx_HAL_Driver/Src/stm32f1xx_hal_gpio.c.obj
                0x0000000008000658                HAL_GPIO_WritePin
 .text.RCC_Delay
                0x0000000008000664       0x2c CMakeFiles/SerialPort_TO_CAN.elf.dir/Drivers/STM32F1xx_HAL_Driver/Src/stm32f1xx_hal_rcc.c.obj
 .text.HAL_RCC_OscConfig
                0x0000000008000690      0x410 CMakeFiles/SerialPort_TO_CAN.elf.dir/Drivers/STM32F1xx_HAL_Driver/Src/stm32f1xx_hal_rcc.c.obj
                0x0000000008000690                HAL_RCC_OscConfig
 .text.HAL_RCC_GetSysClockFreq
                0x0000000008000aa0       0x54 CMakeFiles/SerialPort_TO_CAN.elf.dir/Drivers/STM32F1xx_HAL_Driver/Src/stm32f1xx_hal_rcc.c.obj
                0x0000000008000aa0                HAL_RCC_GetSysClockFreq
 .text.HAL_RCC_ClockConfig
                0x0000000008000af4      0x16c CMakeFiles/SerialPort_TO_CAN.elf.dir/Drivers/STM32F1xx_HAL_Driver/Src/stm32f1xx_hal_rcc.c.obj
                0x0000000008000af4                HAL_RCC_ClockConfig
 .text.__libc_init_array
                0x0000000008000c60       0x48 /Applications/ARM/bin/../lib/gcc/arm-none-eabi/10.3.1/../../../../arm-none-eabi/lib/thumb/v7-m/nofp/libg.a(lib_a-init.o)
                0x0000000008000c60                __libc_init_array
 .text.memset   0x0000000008000ca8       0xa4 /Applications/ARM/bin/../lib/gcc/arm-none-eabi/10.3.1/../../../../arm-none-eabi/lib/thumb/v7-m/nofp/libg.a(lib_a-memset.o)
                0x0000000008000ca8                memset
 .text.startup.register_fini
                0x0000000008000d4c       0x14 /Applications/ARM/bin/../lib/gcc/arm-none-eabi/10.3.1/../../../../arm-none-eabi/lib/thumb/v7-m/nofp/libg.a(lib_a-__call_atexit.o)
 .text.atexit   0x0000000008000d60        0xc /Applications/ARM/bin/../lib/gcc/arm-none-eabi/10.3.1/../../../../arm-none-eabi/lib/thumb/v7-m/nofp/libg.a(lib_a-atexit.o)
                0x0000000008000d60                atexit
 .text.__libc_fini_array
                0x0000000008000d6c       0x2c /Applications/ARM/bin/../lib/gcc/arm-none-eabi/10.3.1/../../../../arm-none-eabi/lib/thumb/v7-m/nofp/libg.a(lib_a-fini.o)
                0x0000000008000d6c                __libc_fini_array
 .text.__retarget_lock_acquire_recursive
                0x0000000008000d98        0x4 /Applications/ARM/bin/../lib/gcc/arm-none-eabi/10.3.1/../../../../arm-none-eabi/lib/thumb/v7-m/nofp/libg.a(lib_a-lock.o)
                0x0000000008000d98                __retarget_lock_acquire_recursive
 .text.__retarget_lock_release_recursive
                0x0000000008000d9c        0x4 /Applications/ARM/bin/../lib/gcc/arm-none-eabi/10.3.1/../../../../arm-none-eabi/lib/thumb/v7-m/nofp/libg.a(lib_a-lock.o)
                0x0000000008000d9c                __retarget_lock_release_recursive
 .text.__register_exitproc
                0x0000000008000da0       0x8c /Applications/ARM/bin/../lib/gcc/arm-none-eabi/10.3.1/../../../../arm-none-eabi/lib/thumb/v7-m/nofp/libg.a(lib_a-__atexit.o)
                0x0000000008000da0                __register_exitproc
 *(.glue_7)
 .glue_7        0x0000000008000e2c        0x0 linker stubs
 *(.glue_7t)
 .glue_7t       0x0000000008000e2c        0x0 linker stubs
 *(.eh_frame)
 .eh_frame      0x0000000008000e2c        0x0 /Applications/ARM/bin/../lib/gcc/arm-none-eabi/10.3.1/thumb/v7-m/nofp/crtbegin.o
 *(.init)
 .init          0x0000000008000e2c        0x4 /Applications/ARM/bin/../lib/gcc/arm-none-eabi/10.3.1/thumb/v7-m/nofp/crti.o
                0x0000000008000e2c                _init
 .init          0x0000000008000e30        0x8 /Applications/ARM/bin/../lib/gcc/arm-none-eabi/10.3.1/thumb/v7-m/nofp/crtn.o
 *(.fini)
 .fini          0x0000000008000e38        0x4 /Applications/ARM/bin/../lib/gcc/arm-none-eabi/10.3.1/thumb/v7-m/nofp/crti.o
                0x0000000008000e38                _fini
 .fini          0x0000000008000e3c        0x8 /Applications/ARM/bin/../lib/gcc/arm-none-eabi/10.3.1/thumb/v7-m/nofp/crtn.o
                0x0000000008000e44                . = ALIGN (0x4)
                0x0000000008000e44                _etext = .

.vfp11_veneer   0x0000000008000e44        0x0
 .vfp11_veneer  0x0000000008000e44        0x0 linker stubs

.v4_bx          0x0000000008000e44        0x0
 .v4_bx         0x0000000008000e44        0x0 linker stubs

.iplt           0x0000000008000e44        0x0
 .iplt          0x0000000008000e44        0x0 /Applications/ARM/bin/../lib/gcc/arm-none-eabi/10.3.1/thumb/v7-m/nofp/crtbegin.o

.rodata         0x0000000008000e44       0x28
                0x0000000008000e44                . = ALIGN (0x4)
 *(.rodata)
 *(.rodata*)
 .rodata.AHBPrescTable
                0x0000000008000e44       0x10 CMakeFiles/SerialPort_TO_CAN.elf.dir/Core/Src/system_stm32f1xx.c.obj
                0x0000000008000e44                AHBPrescTable
 .rodata.aPLLMULFactorTable.1
                0x0000000008000e54       0x10 CMakeFiles/SerialPort_TO_CAN.elf.dir/Drivers/STM32F1xx_HAL_Driver/Src/stm32f1xx_hal_rcc.c.obj
 .rodata.aPredivFactorTable.0
                0x0000000008000e64        0x2 CMakeFiles/SerialPort_TO_CAN.elf.dir/Drivers/STM32F1xx_HAL_Driver/Src/stm32f1xx_hal_rcc.c.obj
 *fill*         0x0000000008000e66        0x2 
 .rodata._global_impure_ptr
                0x0000000008000e68        0x4 /Applications/ARM/bin/../lib/gcc/arm-none-eabi/10.3.1/../../../../arm-none-eabi/lib/thumb/v7-m/nofp/libg.a(lib_a-impure.o)
                0x0000000008000e68                _global_impure_ptr
                0x0000000008000e6c                . = ALIGN (0x4)

.rel.dyn        0x0000000008000e6c        0x0
 .rel.iplt      0x0000000008000e6c        0x0 /Applications/ARM/bin/../lib/gcc/arm-none-eabi/10.3.1/thumb/v7-m/nofp/crtbegin.o

.ARM.extab      0x0000000008000e6c        0x0
                0x0000000008000e6c                . = ALIGN (0x4)
 *(.ARM.extab* .gnu.linkonce.armextab.*)
                0x0000000008000e6c                . = ALIGN (0x4)

.ARM            0x0000000008000e6c        0x0
                0x0000000008000e6c                . = ALIGN (0x4)
                0x0000000008000e6c                __exidx_start = .
 *(.ARM.exidx*)
                0x0000000008000e6c                __exidx_end = .
                0x0000000008000e6c                . = ALIGN (0x4)

.preinit_array  0x0000000008000e6c        0x0
                0x0000000008000e6c                . = ALIGN (0x4)
                0x0000000008000e6c                PROVIDE (__preinit_array_start = .)
 *(.preinit_array*)
                0x0000000008000e6c                PROVIDE (__preinit_array_end = .)
                0x0000000008000e6c                . = ALIGN (0x4)

.init_array     0x0000000008000e6c        0x8
                0x0000000008000e6c                . = ALIGN (0x4)
                0x0000000008000e6c                PROVIDE (__init_array_start = .)
 *(SORT_BY_NAME(.init_array.*))
 .init_array.00000
                0x0000000008000e6c        0x4 /Applications/ARM/bin/../lib/gcc/arm-none-eabi/10.3.1/../../../../arm-none-eabi/lib/thumb/v7-m/nofp/libg.a(lib_a-__call_atexit.o)
 *(.init_array*)
 .init_array    0x0000000008000e70        0x4 /Applications/ARM/bin/../lib/gcc/arm-none-eabi/10.3.1/thumb/v7-m/nofp/crtbegin.o
                0x0000000008000e74                PROVIDE (__init_array_end = .)
                0x0000000008000e74                . = ALIGN (0x4)

.fini_array     0x0000000008000e74        0x4
                0x0000000008000e74                . = ALIGN (0x4)
                0x0000000008000e74                PROVIDE (__fini_array_start = .)
 *(SORT_BY_NAME(.fini_array.*))
 *(.fini_array*)
 .fini_array    0x0000000008000e74        0x4 /Applications/ARM/bin/../lib/gcc/arm-none-eabi/10.3.1/thumb/v7-m/nofp/crtbegin.o
                0x0000000008000e78                PROVIDE (__fini_array_end = .)
                0x0000000008000e78                . = ALIGN (0x4)
                0x0000000008000e78                _sidata = LOADADDR (.data)

.data           0x0000000020000000      0x43c load address 0x0000000008000e78
                0x0000000020000000                . = ALIGN (0x4)
                0x0000000020000000                _sdata = .
 *(.data)
 *(.data*)
 .data.SystemCoreClock
                0x0000000020000000        0x4 CMakeFiles/SerialPort_TO_CAN.elf.dir/Core/Src/system_stm32f1xx.c.obj
                0x0000000020000000                SystemCoreClock
 .data.uwTickFreq
                0x0000000020000004        0x1 CMakeFiles/SerialPort_TO_CAN.elf.dir/Drivers/STM32F1xx_HAL_Driver/Src/stm32f1xx_hal.c.obj
                0x0000000020000004                uwTickFreq
 *fill*         0x0000000020000005        0x3 
 .data.uwTickPrio
                0x0000000020000008        0x4 CMakeFiles/SerialPort_TO_CAN.elf.dir/Drivers/STM32F1xx_HAL_Driver/Src/stm32f1xx_hal.c.obj
                0x0000000020000008                uwTickPrio
 *fill*         0x000000002000000c        0x4 
 .data.impure_data
                0x0000000020000010      0x428 /Applications/ARM/bin/../lib/gcc/arm-none-eabi/10.3.1/../../../../arm-none-eabi/lib/thumb/v7-m/nofp/libg.a(lib_a-impure.o)
 .data.__atexit_recursive_mutex
                0x0000000020000438        0x4 /Applications/ARM/bin/../lib/gcc/arm-none-eabi/10.3.1/../../../../arm-none-eabi/lib/thumb/v7-m/nofp/libg.a(lib_a-__call_atexit.o)
                0x0000000020000438                __atexit_recursive_mutex
 *(.RamFunc)
 *(.RamFunc*)
                0x000000002000043c                . = ALIGN (0x4)
                0x000000002000043c                _edata = .

.igot.plt       0x000000002000043c        0x0 load address 0x00000000080012b4
 .igot.plt      0x000000002000043c        0x0 /Applications/ARM/bin/../lib/gcc/arm-none-eabi/10.3.1/thumb/v7-m/nofp/crtbegin.o
                0x000000002000043c                . = ALIGN (0x4)

.bss            0x000000002000043c       0x24 load address 0x00000000080012b4
                0x000000002000043c                _sbss = .
                0x000000002000043c                __bss_start__ = _sbss
 *(.bss)
 .bss           0x000000002000043c       0x1c /Applications/ARM/bin/../lib/gcc/arm-none-eabi/10.3.1/thumb/v7-m/nofp/crtbegin.o
 *(.bss*)
 .bss.uwTick    0x0000000020000458        0x4 CMakeFiles/SerialPort_TO_CAN.elf.dir/Drivers/STM32F1xx_HAL_Driver/Src/stm32f1xx_hal.c.obj
                0x0000000020000458                uwTick
 .bss.__lock___atexit_recursive_mutex
                0x000000002000045c        0x1 /Applications/ARM/bin/../lib/gcc/arm-none-eabi/10.3.1/../../../../arm-none-eabi/lib/thumb/v7-m/nofp/libg.a(lib_a-lock.o)
                0x000000002000045c                __lock___atexit_recursive_mutex
 *(COMMON)
                0x0000000020000460                . = ALIGN (0x4)
 *fill*         0x000000002000045d        0x3 
                0x0000000020000460                _ebss = .
                0x0000000020000460                __bss_end__ = _ebss

._user_heap_stack
                0x0000000020000460      0x600 load address 0x00000000080012b4
                0x0000000020000460                . = ALIGN (0x8)
                [!provide]                        PROVIDE (end = .)
                0x0000000020000460                PROVIDE (_end = .)
                0x0000000020000660                . = (. + _Min_Heap_Size)
 *fill*         0x0000000020000460      0x200 
                0x0000000020000a60                . = (. + _Min_Stack_Size)
 *fill*         0x0000000020000660      0x400 
                0x0000000020000a60                . = ALIGN (0x8)

/DISCARD/
 libc.a(*)
 libm.a(*)
 libgcc.a(*)

.ARM.attributes
                0x0000000000000000       0x29
 *(.ARM.attributes)
 .ARM.attributes
                0x0000000000000000       0x1d /Applications/ARM/bin/../lib/gcc/arm-none-eabi/10.3.1/thumb/v7-m/nofp/crti.o
 .ARM.attributes
                0x000000000000001d       0x2d /Applications/ARM/bin/../lib/gcc/arm-none-eabi/10.3.1/thumb/v7-m/nofp/crtbegin.o
 .ARM.attributes
                0x000000000000004a       0x2d CMakeFiles/SerialPort_TO_CAN.elf.dir/Core/Src/gpio.c.obj
 .ARM.attributes
                0x0000000000000077       0x2d CMakeFiles/SerialPort_TO_CAN.elf.dir/Core/Src/main.c.obj
 .ARM.attributes
                0x00000000000000a4       0x2d CMakeFiles/SerialPort_TO_CAN.elf.dir/Core/Src/stm32f1xx_hal_msp.c.obj
 .ARM.attributes
                0x00000000000000d1       0x2d CMakeFiles/SerialPort_TO_CAN.elf.dir/Core/Src/stm32f1xx_it.c.obj
 .ARM.attributes
                0x00000000000000fe       0x2d CMakeFiles/SerialPort_TO_CAN.elf.dir/Core/Src/system_stm32f1xx.c.obj
 .ARM.attributes
                0x000000000000012b       0x21 CMakeFiles/SerialPort_TO_CAN.elf.dir/Core/Startup/startup_stm32f103c8tx.s.obj
 .ARM.attributes
                0x000000000000014c       0x2d CMakeFiles/SerialPort_TO_CAN.elf.dir/Drivers/STM32F1xx_HAL_Driver/Src/stm32f1xx_hal.c.obj
 .ARM.attributes
                0x0000000000000179       0x2d CMakeFiles/SerialPort_TO_CAN.elf.dir/Drivers/STM32F1xx_HAL_Driver/Src/stm32f1xx_hal_cortex.c.obj
 .ARM.attributes
                0x00000000000001a6       0x2d CMakeFiles/SerialPort_TO_CAN.elf.dir/Drivers/STM32F1xx_HAL_Driver/Src/stm32f1xx_hal_gpio.c.obj
 .ARM.attributes
                0x00000000000001d3       0x2d CMakeFiles/SerialPort_TO_CAN.elf.dir/Drivers/STM32F1xx_HAL_Driver/Src/stm32f1xx_hal_rcc.c.obj
 .ARM.attributes
                0x0000000000000200       0x2d /Applications/ARM/bin/../lib/gcc/arm-none-eabi/10.3.1/../../../../arm-none-eabi/lib/thumb/v7-m/nofp/libg.a(lib_a-impure.o)
 .ARM.attributes
                0x000000000000022d       0x2d /Applications/ARM/bin/../lib/gcc/arm-none-eabi/10.3.1/../../../../arm-none-eabi/lib/thumb/v7-m/nofp/libg.a(lib_a-init.o)
 .ARM.attributes
                0x000000000000025a       0x2d /Applications/ARM/bin/../lib/gcc/arm-none-eabi/10.3.1/../../../../arm-none-eabi/lib/thumb/v7-m/nofp/libg.a(lib_a-memset.o)
 .ARM.attributes
                0x0000000000000287       0x2d /Applications/ARM/bin/../lib/gcc/arm-none-eabi/10.3.1/../../../../arm-none-eabi/lib/thumb/v7-m/nofp/libg.a(lib_a-__call_atexit.o)
 .ARM.attributes
                0x00000000000002b4       0x2d /Applications/ARM/bin/../lib/gcc/arm-none-eabi/10.3.1/../../../../arm-none-eabi/lib/thumb/v7-m/nofp/libg.a(lib_a-atexit.o)
 .ARM.attributes
                0x00000000000002e1       0x2d /Applications/ARM/bin/../lib/gcc/arm-none-eabi/10.3.1/../../../../arm-none-eabi/lib/thumb/v7-m/nofp/libg.a(lib_a-fini.o)
 .ARM.attributes
                0x000000000000030e       0x2d /Applications/ARM/bin/../lib/gcc/arm-none-eabi/10.3.1/../../../../arm-none-eabi/lib/thumb/v7-m/nofp/libg.a(lib_a-lock.o)
 .ARM.attributes
                0x000000000000033b       0x2d /Applications/ARM/bin/../lib/gcc/arm-none-eabi/10.3.1/../../../../arm-none-eabi/lib/thumb/v7-m/nofp/libg.a(lib_a-__atexit.o)
 .ARM.attributes
                0x0000000000000368       0x1d /Applications/ARM/bin/../lib/gcc/arm-none-eabi/10.3.1/thumb/v7-m/nofp/crtn.o
OUTPUT(SerialPort_TO_CAN.elf elf32-littlearm)
LOAD linker stubs
LOAD /Applications/ARM/bin/../lib/gcc/arm-none-eabi/10.3.1/../../../../arm-none-eabi/lib/thumb/v7-m/nofp/libc.a
LOAD /Applications/ARM/bin/../lib/gcc/arm-none-eabi/10.3.1/../../../../arm-none-eabi/lib/thumb/v7-m/nofp/libm.a
LOAD /Applications/ARM/bin/../lib/gcc/arm-none-eabi/10.3.1/thumb/v7-m/nofp/libgcc.a

.debug_info     0x0000000000000000     0x317e
 .debug_info    0x0000000000000000      0x2f4 CMakeFiles/SerialPort_TO_CAN.elf.dir/Core/Src/gpio.c.obj
 .debug_info    0x00000000000002f4      0x303 CMakeFiles/SerialPort_TO_CAN.elf.dir/Core/Src/main.c.obj
 .debug_info    0x00000000000005f7      0x211 CMakeFiles/SerialPort_TO_CAN.elf.dir/Core/Src/stm32f1xx_hal_msp.c.obj
 .debug_info    0x0000000000000808      0x130 CMakeFiles/SerialPort_TO_CAN.elf.dir/Core/Src/stm32f1xx_it.c.obj
 .debug_info    0x0000000000000938      0x248 CMakeFiles/SerialPort_TO_CAN.elf.dir/Core/Src/system_stm32f1xx.c.obj
 .debug_info    0x0000000000000b80       0x22 CMakeFiles/SerialPort_TO_CAN.elf.dir/Core/Startup/startup_stm32f103c8tx.s.obj
 .debug_info    0x0000000000000ba2      0x7a8 CMakeFiles/SerialPort_TO_CAN.elf.dir/Drivers/STM32F1xx_HAL_Driver/Src/stm32f1xx_hal.c.obj
 .debug_info    0x000000000000134a      0xd8a CMakeFiles/SerialPort_TO_CAN.elf.dir/Drivers/STM32F1xx_HAL_Driver/Src/stm32f1xx_hal_cortex.c.obj
 .debug_info    0x00000000000020d4      0x66f CMakeFiles/SerialPort_TO_CAN.elf.dir/Drivers/STM32F1xx_HAL_Driver/Src/stm32f1xx_hal_gpio.c.obj
 .debug_info    0x0000000000002743      0xa3b CMakeFiles/SerialPort_TO_CAN.elf.dir/Drivers/STM32F1xx_HAL_Driver/Src/stm32f1xx_hal_rcc.c.obj

.debug_abbrev   0x0000000000000000      0xee6
 .debug_abbrev  0x0000000000000000      0x13c CMakeFiles/SerialPort_TO_CAN.elf.dir/Core/Src/gpio.c.obj
 .debug_abbrev  0x000000000000013c      0x162 CMakeFiles/SerialPort_TO_CAN.elf.dir/Core/Src/main.c.obj
 .debug_abbrev  0x000000000000029e       0xe5 CMakeFiles/SerialPort_TO_CAN.elf.dir/Core/Src/stm32f1xx_hal_msp.c.obj
 .debug_abbrev  0x0000000000000383       0x7e CMakeFiles/SerialPort_TO_CAN.elf.dir/Core/Src/stm32f1xx_it.c.obj
 .debug_abbrev  0x0000000000000401      0x13e CMakeFiles/SerialPort_TO_CAN.elf.dir/Core/Src/system_stm32f1xx.c.obj
 .debug_abbrev  0x000000000000053f       0x12 CMakeFiles/SerialPort_TO_CAN.elf.dir/Core/Startup/startup_stm32f103c8tx.s.obj
 .debug_abbrev  0x0000000000000551      0x1f4 CMakeFiles/SerialPort_TO_CAN.elf.dir/Drivers/STM32F1xx_HAL_Driver/Src/stm32f1xx_hal.c.obj
 .debug_abbrev  0x0000000000000745      0x341 CMakeFiles/SerialPort_TO_CAN.elf.dir/Drivers/STM32F1xx_HAL_Driver/Src/stm32f1xx_hal_cortex.c.obj
 .debug_abbrev  0x0000000000000a86      0x1e6 CMakeFiles/SerialPort_TO_CAN.elf.dir/Drivers/STM32F1xx_HAL_Driver/Src/stm32f1xx_hal_gpio.c.obj
 .debug_abbrev  0x0000000000000c6c      0x27a CMakeFiles/SerialPort_TO_CAN.elf.dir/Drivers/STM32F1xx_HAL_Driver/Src/stm32f1xx_hal_rcc.c.obj

.debug_aranges  0x0000000000000000      0x378
 .debug_aranges
                0x0000000000000000       0x20 CMakeFiles/SerialPort_TO_CAN.elf.dir/Core/Src/gpio.c.obj
 .debug_aranges
                0x0000000000000020       0x30 CMakeFiles/SerialPort_TO_CAN.elf.dir/Core/Src/main.c.obj
 .debug_aranges
                0x0000000000000050       0x20 CMakeFiles/SerialPort_TO_CAN.elf.dir/Core/Src/stm32f1xx_hal_msp.c.obj
 .debug_aranges
                0x0000000000000070       0x60 CMakeFiles/SerialPort_TO_CAN.elf.dir/Core/Src/stm32f1xx_it.c.obj
 .debug_aranges
                0x00000000000000d0       0x28 CMakeFiles/SerialPort_TO_CAN.elf.dir/Core/Src/system_stm32f1xx.c.obj
 .debug_aranges
                0x00000000000000f8       0x28 CMakeFiles/SerialPort_TO_CAN.elf.dir/Core/Startup/startup_stm32f103c8tx.s.obj
 .debug_aranges
                0x0000000000000120       0xe0 CMakeFiles/SerialPort_TO_CAN.elf.dir/Drivers/STM32F1xx_HAL_Driver/Src/stm32f1xx_hal.c.obj
 .debug_aranges
                0x0000000000000200       0x90 CMakeFiles/SerialPort_TO_CAN.elf.dir/Drivers/STM32F1xx_HAL_Driver/Src/stm32f1xx_hal_cortex.c.obj
 .debug_aranges
                0x0000000000000290       0x58 CMakeFiles/SerialPort_TO_CAN.elf.dir/Drivers/STM32F1xx_HAL_Driver/Src/stm32f1xx_hal_gpio.c.obj
 .debug_aranges
                0x00000000000002e8       0x90 CMakeFiles/SerialPort_TO_CAN.elf.dir/Drivers/STM32F1xx_HAL_Driver/Src/stm32f1xx_hal_rcc.c.obj

.debug_ranges   0x0000000000000000      0x360
 .debug_ranges  0x0000000000000000       0x10 CMakeFiles/SerialPort_TO_CAN.elf.dir/Core/Src/gpio.c.obj
 .debug_ranges  0x0000000000000010       0x20 CMakeFiles/SerialPort_TO_CAN.elf.dir/Core/Src/main.c.obj
 .debug_ranges  0x0000000000000030       0x10 CMakeFiles/SerialPort_TO_CAN.elf.dir/Core/Src/stm32f1xx_hal_msp.c.obj
 .debug_ranges  0x0000000000000040       0x50 CMakeFiles/SerialPort_TO_CAN.elf.dir/Core/Src/stm32f1xx_it.c.obj
 .debug_ranges  0x0000000000000090       0x18 CMakeFiles/SerialPort_TO_CAN.elf.dir/Core/Src/system_stm32f1xx.c.obj
 .debug_ranges  0x00000000000000a8       0x20 CMakeFiles/SerialPort_TO_CAN.elf.dir/Core/Startup/startup_stm32f103c8tx.s.obj
 .debug_ranges  0x00000000000000c8       0xd0 CMakeFiles/SerialPort_TO_CAN.elf.dir/Drivers/STM32F1xx_HAL_Driver/Src/stm32f1xx_hal.c.obj
 .debug_ranges  0x0000000000000198       0xe0 CMakeFiles/SerialPort_TO_CAN.elf.dir/Drivers/STM32F1xx_HAL_Driver/Src/stm32f1xx_hal_cortex.c.obj
 .debug_ranges  0x0000000000000278       0x48 CMakeFiles/SerialPort_TO_CAN.elf.dir/Drivers/STM32F1xx_HAL_Driver/Src/stm32f1xx_hal_gpio.c.obj
 .debug_ranges  0x00000000000002c0       0xa0 CMakeFiles/SerialPort_TO_CAN.elf.dir/Drivers/STM32F1xx_HAL_Driver/Src/stm32f1xx_hal_rcc.c.obj

.debug_line     0x0000000000000000     0x2ce9
 .debug_line    0x0000000000000000      0x25b CMakeFiles/SerialPort_TO_CAN.elf.dir/Core/Src/gpio.c.obj
 .debug_line    0x000000000000025b      0x39b CMakeFiles/SerialPort_TO_CAN.elf.dir/Core/Src/main.c.obj
 .debug_line    0x00000000000005f6      0x1b9 CMakeFiles/SerialPort_TO_CAN.elf.dir/Core/Src/stm32f1xx_hal_msp.c.obj
 .debug_line    0x00000000000007af      0x211 CMakeFiles/SerialPort_TO_CAN.elf.dir/Core/Src/stm32f1xx_it.c.obj
 .debug_line    0x00000000000009c0      0x282 CMakeFiles/SerialPort_TO_CAN.elf.dir/Core/Src/system_stm32f1xx.c.obj
 .debug_line    0x0000000000000c42       0xd0 CMakeFiles/SerialPort_TO_CAN.elf.dir/Core/Startup/startup_stm32f103c8tx.s.obj
 .debug_line    0x0000000000000d12      0x604 CMakeFiles/SerialPort_TO_CAN.elf.dir/Drivers/STM32F1xx_HAL_Driver/Src/stm32f1xx_hal.c.obj
 .debug_line    0x0000000000001316      0x6c2 CMakeFiles/SerialPort_TO_CAN.elf.dir/Drivers/STM32F1xx_HAL_Driver/Src/stm32f1xx_hal_cortex.c.obj
 .debug_line    0x00000000000019d8      0x66a CMakeFiles/SerialPort_TO_CAN.elf.dir/Drivers/STM32F1xx_HAL_Driver/Src/stm32f1xx_hal_gpio.c.obj
 .debug_line    0x0000000000002042      0xca7 CMakeFiles/SerialPort_TO_CAN.elf.dir/Drivers/STM32F1xx_HAL_Driver/Src/stm32f1xx_hal_rcc.c.obj

.debug_str      0x0000000000000000     0x15c5
 .debug_str     0x0000000000000000      0x2c4 CMakeFiles/SerialPort_TO_CAN.elf.dir/Core/Src/gpio.c.obj
                                        0x30f (size before relaxing)
 .debug_str     0x00000000000002c4      0x207 CMakeFiles/SerialPort_TO_CAN.elf.dir/Core/Src/main.c.obj
                                        0x3e2 (size before relaxing)
 .debug_str     0x00000000000004cb       0xa4 CMakeFiles/SerialPort_TO_CAN.elf.dir/Core/Src/stm32f1xx_hal_msp.c.obj
                                        0x2b1 (size before relaxing)
 .debug_str     0x000000000000056f      0x101 CMakeFiles/SerialPort_TO_CAN.elf.dir/Core/Src/stm32f1xx_it.c.obj
                                        0x2b4 (size before relaxing)
 .debug_str     0x0000000000000670       0xd2 CMakeFiles/SerialPort_TO_CAN.elf.dir/Core/Src/system_stm32f1xx.c.obj
                                        0x2e6 (size before relaxing)
 .debug_str     0x0000000000000742       0x80 CMakeFiles/SerialPort_TO_CAN.elf.dir/Core/Startup/startup_stm32f103c8tx.s.obj
                                         0xdf (size before relaxing)
 .debug_str     0x00000000000007c2      0x642 CMakeFiles/SerialPort_TO_CAN.elf.dir/Drivers/STM32F1xx_HAL_Driver/Src/stm32f1xx_hal.c.obj
                                        0x8b6 (size before relaxing)
 .debug_str     0x0000000000000e04      0x40f CMakeFiles/SerialPort_TO_CAN.elf.dir/Drivers/STM32F1xx_HAL_Driver/Src/stm32f1xx_hal_cortex.c.obj
                                        0x965 (size before relaxing)
 .debug_str     0x0000000000001213      0x174 CMakeFiles/SerialPort_TO_CAN.elf.dir/Drivers/STM32F1xx_HAL_Driver/Src/stm32f1xx_hal_gpio.c.obj
                                        0x492 (size before relaxing)
 .debug_str     0x0000000000001387      0x23e CMakeFiles/SerialPort_TO_CAN.elf.dir/Drivers/STM32F1xx_HAL_Driver/Src/stm32f1xx_hal_rcc.c.obj
                                        0x6bd (size before relaxing)

.comment        0x0000000000000000       0x49
 .comment       0x0000000000000000       0x49 CMakeFiles/SerialPort_TO_CAN.elf.dir/Core/Src/gpio.c.obj
                                         0x4a (size before relaxing)
 .comment       0x0000000000000049       0x4a CMakeFiles/SerialPort_TO_CAN.elf.dir/Core/Src/main.c.obj
 .comment       0x0000000000000049       0x4a CMakeFiles/SerialPort_TO_CAN.elf.dir/Core/Src/stm32f1xx_hal_msp.c.obj
 .comment       0x0000000000000049       0x4a CMakeFiles/SerialPort_TO_CAN.elf.dir/Core/Src/stm32f1xx_it.c.obj
 .comment       0x0000000000000049       0x4a CMakeFiles/SerialPort_TO_CAN.elf.dir/Core/Src/system_stm32f1xx.c.obj
 .comment       0x0000000000000049       0x4a CMakeFiles/SerialPort_TO_CAN.elf.dir/Drivers/STM32F1xx_HAL_Driver/Src/stm32f1xx_hal.c.obj
 .comment       0x0000000000000049       0x4a CMakeFiles/SerialPort_TO_CAN.elf.dir/Drivers/STM32F1xx_HAL_Driver/Src/stm32f1xx_hal_cortex.c.obj
 .comment       0x0000000000000049       0x4a CMakeFiles/SerialPort_TO_CAN.elf.dir/Drivers/STM32F1xx_HAL_Driver/Src/stm32f1xx_hal_gpio.c.obj
 .comment       0x0000000000000049       0x4a CMakeFiles/SerialPort_TO_CAN.elf.dir/Drivers/STM32F1xx_HAL_Driver/Src/stm32f1xx_hal_rcc.c.obj

.debug_frame    0x0000000000000000      0x8c0
 .debug_frame   0x0000000000000000       0x30 CMakeFiles/SerialPort_TO_CAN.elf.dir/Core/Src/gpio.c.obj
 .debug_frame   0x0000000000000030       0x58 CMakeFiles/SerialPort_TO_CAN.elf.dir/Core/Src/main.c.obj
 .debug_frame   0x0000000000000088       0x28 CMakeFiles/SerialPort_TO_CAN.elf.dir/Core/Src/stm32f1xx_hal_msp.c.obj
 .debug_frame   0x00000000000000b0       0xa8 CMakeFiles/SerialPort_TO_CAN.elf.dir/Core/Src/stm32f1xx_it.c.obj
 .debug_frame   0x0000000000000158       0x30 CMakeFiles/SerialPort_TO_CAN.elf.dir/Core/Src/system_stm32f1xx.c.obj
 .debug_frame   0x0000000000000188      0x1cc CMakeFiles/SerialPort_TO_CAN.elf.dir/Drivers/STM32F1xx_HAL_Driver/Src/stm32f1xx_hal.c.obj
 .debug_frame   0x0000000000000354      0x118 CMakeFiles/SerialPort_TO_CAN.elf.dir/Drivers/STM32F1xx_HAL_Driver/Src/stm32f1xx_hal_cortex.c.obj
 .debug_frame   0x000000000000046c       0xe4 CMakeFiles/SerialPort_TO_CAN.elf.dir/Drivers/STM32F1xx_HAL_Driver/Src/stm32f1xx_hal_gpio.c.obj
 .debug_frame   0x0000000000000550      0x184 CMakeFiles/SerialPort_TO_CAN.elf.dir/Drivers/STM32F1xx_HAL_Driver/Src/stm32f1xx_hal_rcc.c.obj
 .debug_frame   0x00000000000006d4       0x2c /Applications/ARM/bin/../lib/gcc/arm-none-eabi/10.3.1/../../../../arm-none-eabi/lib/thumb/v7-m/nofp/libg.a(lib_a-init.o)
 .debug_frame   0x0000000000000700       0x2c /Applications/ARM/bin/../lib/gcc/arm-none-eabi/10.3.1/../../../../arm-none-eabi/lib/thumb/v7-m/nofp/libg.a(lib_a-memset.o)
 .debug_frame   0x000000000000072c       0x5c /Applications/ARM/bin/../lib/gcc/arm-none-eabi/10.3.1/../../../../arm-none-eabi/lib/thumb/v7-m/nofp/libg.a(lib_a-__call_atexit.o)
 .debug_frame   0x0000000000000788       0x20 /Applications/ARM/bin/../lib/gcc/arm-none-eabi/10.3.1/../../../../arm-none-eabi/lib/thumb/v7-m/nofp/libg.a(lib_a-atexit.o)
 .debug_frame   0x00000000000007a8       0x34 /Applications/ARM/bin/../lib/gcc/arm-none-eabi/10.3.1/../../../../arm-none-eabi/lib/thumb/v7-m/nofp/libg.a(lib_a-fini.o)
 .debug_frame   0x00000000000007dc       0xb0 /Applications/ARM/bin/../lib/gcc/arm-none-eabi/10.3.1/../../../../arm-none-eabi/lib/thumb/v7-m/nofp/libg.a(lib_a-lock.o)
 .debug_frame   0x000000000000088c       0x34 /Applications/ARM/bin/../lib/gcc/arm-none-eabi/10.3.1/../../../../arm-none-eabi/lib/thumb/v7-m/nofp/libg.a(lib_a-__atexit.o)

.debug_loc      0x0000000000000000     0x1409
 .debug_loc     0x0000000000000000       0x15 CMakeFiles/SerialPort_TO_CAN.elf.dir/Core/Src/stm32f1xx_hal_msp.c.obj
 .debug_loc     0x0000000000000015       0xff CMakeFiles/SerialPort_TO_CAN.elf.dir/Core/Src/system_stm32f1xx.c.obj
 .debug_loc     0x0000000000000114      0x141 CMakeFiles/SerialPort_TO_CAN.elf.dir/Drivers/STM32F1xx_HAL_Driver/Src/stm32f1xx_hal.c.obj
 .debug_loc     0x0000000000000255      0x71f CMakeFiles/SerialPort_TO_CAN.elf.dir/Drivers/STM32F1xx_HAL_Driver/Src/stm32f1xx_hal_cortex.c.obj
 .debug_loc     0x0000000000000974      0x47d CMakeFiles/SerialPort_TO_CAN.elf.dir/Drivers/STM32F1xx_HAL_Driver/Src/stm32f1xx_hal_gpio.c.obj
 .debug_loc     0x0000000000000df1      0x618 CMakeFiles/SerialPort_TO_CAN.elf.dir/Drivers/STM32F1xx_HAL_Driver/Src/stm32f1xx_hal_rcc.c.obj
