Archive member included to satisfy reference by file (symbol)

/Applications/ARM/bin/../lib/gcc/arm-none-eabi/10.3.1/../../../../arm-none-eabi/lib/thumb/v7-m/nofp/libstdc++.a(atexit_arm.o)
                              CMakeFiles/SerialPort_TO_CAN.elf.dir/Core/Src/RobotMain.cpp.obj (__aeabi_atexit)
/Applications/ARM/bin/../lib/gcc/arm-none-eabi/10.3.1/thumb/v7-m/nofp/libgcc.a(unwind-arm.o)
                              CMakeFiles/SerialPort_TO_CAN.elf.dir/Core/Src/RobotMain.cpp.obj (__aeabi_unwind_cpp_pr0)
/Applications/ARM/bin/../lib/gcc/arm-none-eabi/10.3.1/thumb/v7-m/nofp/libgcc.a(libunwind.o)
                              /Applications/ARM/bin/../lib/gcc/arm-none-eabi/10.3.1/thumb/v7-m/nofp/libgcc.a(unwind-arm.o) (restore_core_regs)
/Applications/ARM/bin/../lib/gcc/arm-none-eabi/10.3.1/thumb/v7-m/nofp/libgcc.a(pr-support.o)
                              /Applications/ARM/bin/../lib/gcc/arm-none-eabi/10.3.1/thumb/v7-m/nofp/libgcc.a(unwind-arm.o) (__gnu_unwind_execute)
/Applications/ARM/bin/../lib/gcc/arm-none-eabi/10.3.1/../../../../arm-none-eabi/lib/thumb/v7-m/nofp/libc.a(lib_a-abort.o)
                              /Applications/ARM/bin/../lib/gcc/arm-none-eabi/10.3.1/thumb/v7-m/nofp/libgcc.a(unwind-arm.o) (abort)
/Applications/ARM/bin/../lib/gcc/arm-none-eabi/10.3.1/../../../../arm-none-eabi/lib/thumb/v7-m/nofp/libc.a(lib_a-cxa_atexit.o)
                              /Applications/ARM/bin/../lib/gcc/arm-none-eabi/10.3.1/../../../../arm-none-eabi/lib/thumb/v7-m/nofp/libstdc++.a(atexit_arm.o) (__cxa_atexit)
/Applications/ARM/bin/../lib/gcc/arm-none-eabi/10.3.1/../../../../arm-none-eabi/lib/thumb/v7-m/nofp/libc.a(lib_a-errno.o)
                              CMakeFiles/SerialPort_TO_CAN.elf.dir/Core/Src/syscalls.c.obj (__errno)
/Applications/ARM/bin/../lib/gcc/arm-none-eabi/10.3.1/../../../../arm-none-eabi/lib/thumb/v7-m/nofp/libc.a(lib_a-exit.o)
                              /Applications/ARM/bin/../lib/gcc/arm-none-eabi/10.3.1/../../../../arm-none-eabi/lib/thumb/v7-m/nofp/crt0.o (exit)
/Applications/ARM/bin/../lib/gcc/arm-none-eabi/10.3.1/../../../../arm-none-eabi/lib/thumb/v7-m/nofp/libc.a(lib_a-impure.o)
                              /Applications/ARM/bin/../lib/gcc/arm-none-eabi/10.3.1/../../../../arm-none-eabi/lib/thumb/v7-m/nofp/libc.a(lib_a-exit.o) (_global_impure_ptr)
/Applications/ARM/bin/../lib/gcc/arm-none-eabi/10.3.1/../../../../arm-none-eabi/lib/thumb/v7-m/nofp/libc.a(lib_a-init.o)
                              /Applications/ARM/bin/../lib/gcc/arm-none-eabi/10.3.1/../../../../arm-none-eabi/lib/thumb/v7-m/nofp/crt0.o (__libc_init_array)
/Applications/ARM/bin/../lib/gcc/arm-none-eabi/10.3.1/../../../../arm-none-eabi/lib/thumb/v7-m/nofp/libc.a(lib_a-memcpy.o)
                              CMakeFiles/SerialPort_TO_CAN.elf.dir/rdk/core/transfer/reliable_binary_transfer.cpp.obj (memcpy)
/Applications/ARM/bin/../lib/gcc/arm-none-eabi/10.3.1/../../../../arm-none-eabi/lib/thumb/v7-m/nofp/libc.a(lib_a-memset.o)
                              /Applications/ARM/bin/../lib/gcc/arm-none-eabi/10.3.1/../../../../arm-none-eabi/lib/thumb/v7-m/nofp/crt0.o (memset)
/Applications/ARM/bin/../lib/gcc/arm-none-eabi/10.3.1/../../../../arm-none-eabi/lib/thumb/v7-m/nofp/libc.a(lib_a-signal.o)
                              /Applications/ARM/bin/../lib/gcc/arm-none-eabi/10.3.1/../../../../arm-none-eabi/lib/thumb/v7-m/nofp/libc.a(lib_a-abort.o) (raise)
/Applications/ARM/bin/../lib/gcc/arm-none-eabi/10.3.1/../../../../arm-none-eabi/lib/thumb/v7-m/nofp/libc.a(lib_a-signalr.o)
                              /Applications/ARM/bin/../lib/gcc/arm-none-eabi/10.3.1/../../../../arm-none-eabi/lib/thumb/v7-m/nofp/libc.a(lib_a-signal.o) (_kill_r)
/Applications/ARM/bin/../lib/gcc/arm-none-eabi/10.3.1/../../../../arm-none-eabi/lib/thumb/v7-m/nofp/libc.a(lib_a-__atexit.o)
                              /Applications/ARM/bin/../lib/gcc/arm-none-eabi/10.3.1/../../../../arm-none-eabi/lib/thumb/v7-m/nofp/libc.a(lib_a-cxa_atexit.o) (__register_exitproc)
/Applications/ARM/bin/../lib/gcc/arm-none-eabi/10.3.1/../../../../arm-none-eabi/lib/thumb/v7-m/nofp/libc.a(lib_a-__call_atexit.o)
                              /Applications/ARM/bin/../lib/gcc/arm-none-eabi/10.3.1/../../../../arm-none-eabi/lib/thumb/v7-m/nofp/libc.a(lib_a-exit.o) (__call_exitprocs)
/Applications/ARM/bin/../lib/gcc/arm-none-eabi/10.3.1/../../../../arm-none-eabi/lib/thumb/v7-m/nofp/libc.a(lib_a-atexit.o)
                              /Applications/ARM/bin/../lib/gcc/arm-none-eabi/10.3.1/../../../../arm-none-eabi/lib/thumb/v7-m/nofp/libc.a(lib_a-__call_atexit.o) (atexit)
/Applications/ARM/bin/../lib/gcc/arm-none-eabi/10.3.1/../../../../arm-none-eabi/lib/thumb/v7-m/nofp/libc.a(lib_a-fini.o)
                              /Applications/ARM/bin/../lib/gcc/arm-none-eabi/10.3.1/../../../../arm-none-eabi/lib/thumb/v7-m/nofp/libc.a(lib_a-__call_atexit.o) (__libc_fini_array)
[...]
Memory Configuration

Name             Origin             Length             Attributes
RAM              0x0000000020000000 0x0000000000005000 xrw
FLASH            0x0000000008000000 0x0000000000010000 xr
*default*        0x0000000000000000 0xffffffffffffffff

Linker script and memory map

LOAD /Applications/ARM/bin/../lib/gcc/arm-none-eabi/10.3.1/thumb/v7-m/nofp/crti.o
LOAD /Applications/ARM/bin/../lib/gcc/arm-none-eabi/10.3.1/thumb/v7-m/nofp/crtbegin.o
LOAD /Applications/ARM/bin/../lib/gcc/arm-none-eabi/10.3.1/../../../../arm-none-eabi/lib/thumb/v7-m/nofp/crt0.o
LOAD CMakeFiles/SerialPort_TO_CAN.elf.dir/Core/Src/RobotMain.cpp.obj
LOAD CMakeFiles/SerialPort_TO_CAN.elf.dir/Core/Src/can.c.obj
LOAD CMakeFiles/SerialPort_TO_CAN.elf.dir/Core/Src/dma.c.obj
LOAD CMakeFiles/SerialPort_TO_CAN.elf.dir/Core/Src/gpio.c.obj
LOAD CMakeFiles/SerialPort_TO_CAN.elf.dir/Core/Src/main.c.obj
LOAD CMakeFiles/SerialPort_TO_CAN.elf.dir/Core/Src/stm32f1xx_hal_msp.c.obj
LOAD CMakeFiles/SerialPort_TO_CAN.elf.dir/Core/Src/stm32f1xx_it.c.obj
LOAD CMakeFiles/SerialPort_TO_CAN.elf.dir/Core/Src/syscalls.c.obj
LOAD CMakeFiles/SerialPort_TO_CAN.elf.dir/Core/Src/sysmem.c.obj
LOAD CMakeFiles/SerialPort_TO_CAN.elf.dir/Core/Src/system_stm32f1xx.c.obj
LOAD CMakeFiles/SerialPort_TO_CAN.elf.dir/Core/Src/usart.c.obj
LOAD CMakeFiles/SerialPort_TO_CAN.elf.dir/Core/Startup/startup_stm32f103c8tx.s.obj
LOAD CMakeFiles/SerialPort_TO_CAN.elf.dir/Drivers/STM32F1xx_HAL_Driver/Src/stm32f1xx_hal.c.obj
LOAD CMakeFiles/SerialPort_TO_CAN.elf.dir/Drivers/STM32F1xx_HAL_Driver/Src/stm32f1xx_hal_can.c.obj
LOAD CMakeFiles/SerialPort_TO_CAN.elf.dir/Drivers/STM32F1xx_HAL_Driver/Src/stm32f1xx_hal_cortex.c.obj
LOAD CMakeFiles/SerialPort_TO_CAN.elf.dir/Drivers/STM32F1xx_HAL_Driver/Src/stm32f1xx_hal_dma.c.obj
LOAD CMakeFiles/SerialPort_TO_CAN.elf.dir/Drivers/STM32F1xx_HAL_Driver/Src/stm32f1xx_hal_exti.c.obj
LOAD CMakeFiles/SerialPort_TO_CAN.elf.dir/Drivers/STM32F1xx_HAL_Driver/Src/stm32f1xx_hal_flash.c.obj
LOAD CMakeFiles/SerialPort_TO_CAN.elf.dir/Drivers/STM32F1xx_HAL_Driver/Src/stm32f1xx_hal_flash_ex.c.obj
LOAD CMakeFiles/SerialPort_TO_CAN.elf.dir/Drivers/STM32F1xx_HAL_Driver/Src/stm32f1xx_hal_gpio.c.obj
LOAD CMakeFiles/SerialPort_TO_CAN.elf.dir/Drivers/STM32F1xx_HAL_Driver/Src/stm32f1xx_hal_gpio_ex.c.obj
LOAD CMakeFiles/SerialPort_TO_CAN.elf.dir/Drivers/STM32F1xx_HAL_Driver/Src/stm32f1xx_hal_pwr.c.obj
LOAD CMakeFiles/SerialPort_TO_CAN.elf.dir/Drivers/STM32F1xx_HAL_Driver/Src/stm32f1xx_hal_rcc.c.obj
LOAD CMakeFiles/SerialPort_TO_CAN.elf.dir/Drivers/STM32F1xx_HAL_Driver/Src/stm32f1xx_hal_rcc_ex.c.obj
LOAD CMakeFiles/SerialPort_TO_CAN.elf.dir/Drivers/STM32F1xx_HAL_Driver/Src/stm32f1xx_hal_tim.c.obj
LOAD CMakeFiles/SerialPort_TO_CAN.elf.dir/Drivers/STM32F1xx_HAL_Driver/Src/stm32f1xx_hal_tim_ex.c.obj
LOAD CMakeFiles/SerialPort_TO_CAN.elf.dir/Drivers/STM32F1xx_HAL_Driver/Src/stm32f1xx_hal_uart.c.obj
LOAD CMakeFiles/SerialPort_TO_CAN.elf.dir/rdk/core/transfer/can_bus.cpp.obj
LOAD CMakeFiles/SerialPort_TO_CAN.elf.dir/rdk/core/transfer/circular_buffer.cpp.obj
LOAD CMakeFiles/SerialPort_TO_CAN.elf.dir/rdk/core/transfer/crc.cpp.obj
LOAD CMakeFiles/SerialPort_TO_CAN.elf.dir/rdk/core/transfer/reliable_binary_transfer.cpp.obj
LOAD CMakeFiles/SerialPort_TO_CAN.elf.dir/rdk/core/transfer/serial_port.cpp.obj
LOAD CMakeFiles/SerialPort_TO_CAN.elf.dir/rdk/core/transfer/serial_to_can.cpp.obj
LOAD CMakeFiles/SerialPort_TO_CAN.elf.dir/rdk/core/transfer/simple_binary_transfer.cpp.obj
LOAD /Applications/ARM/bin/../lib/gcc/arm-none-eabi/10.3.1/../../../../arm-none-eabi/lib/thumb/v7-m/nofp/libstdc++.a
LOAD /Applications/ARM/bin/../lib/gcc/arm-none-eabi/10.3.1/../../../../arm-none-eabi/lib/thumb/v7-m/nofp/libm.a
START GROUP
LOAD /Applications/ARM/bin/../lib/gcc/arm-none-eabi/10.3.1/thumb/v7-m/nofp/libgcc.a
LOAD /Applications/ARM/bin/../lib/gcc/arm-none-eabi/10.3.1/../../../../arm-none-eabi/lib/thumb/v7-m/nofp/libc.a
END GROUP
LOAD /Applications/ARM/bin/../lib/gcc/arm-none-eabi/10.3.1/thumb/v7-m/nofp/crtend.o
LOAD /Applications/ARM/bin/../lib/gcc/arm-none-eabi/10.3.1/thumb/v7-m/nofp/crtn.o
                0x0000000020005000                _estack = (ORIGIN (RAM) + LENGTH (RAM))
                0x0000000000000200                _Min_Heap_Size = 0x200
                0x0000000000000400                _Min_Stack_Size = 0x400

.isr_vector     0x0000000008000000      0x10c
                0x0000000008000000                . = ALIGN (0x4)
 *(.isr_vector)
 .isr_vector    0x0000000008000000      0x10c CMakeFiles/SerialPort_TO_CAN.elf.dir/Core/Startup/startup_stm32f103c8tx.s.obj
                0x0000000008000000                g_pfnVectors
                0x000000000800010c                . = ALIGN (0x4)

.text           0x000000000800010c     0x3ca4
                0x000000000800010c                . = ALIGN (0x4)
 *(.text)
 .text          0x000000000800010c       0x40 /Applications/ARM/bin/../lib/gcc/arm-none-eabi/10.3.1/thumb/v7-m/nofp/crtbegin.o
 .text          0x000000000800014c      0x9e4 /Applications/ARM/bin/../lib/gcc/arm-none-eabi/10.3.1/thumb/v7-m/nofp/libgcc.a(unwind-arm.o)
                0x000000000800040c                _Unwind_GetCFA
                0x0000000008000410                __gnu_Unwind_RaiseException
                0x0000000008000478                __gnu_Unwind_ForcedUnwind
                0x000000000800048c                __gnu_Unwind_Resume
                0x00000000080004d0                __gnu_Unwind_Resume_or_Rethrow
                0x00000000080004e4                _Unwind_Complete
                0x00000000080004e8                _Unwind_DeleteException
                0x00000000080004f4                _Unwind_VRS_Get
                0x0000000008000540                _Unwind_VRS_Set
                0x0000000008000588                __gnu_Unwind_Backtrace
                0x00000000080008b0                __aeabi_unwind_cpp_pr0
                0x00000000080008b4                __aeabi_unwind_cpp_pr1
                0x00000000080008b8                __aeabi_unwind_cpp_pr2
                0x00000000080008bc                _Unwind_VRS_Pop
 .text          0x0000000008000b30      0x1ac /Applications/ARM/bin/../lib/gcc/arm-none-eabi/10.3.1/thumb/v7-m/nofp/libgcc.a(libunwind.o)
                0x0000000008000b30                __restore_core_regs
                0x0000000008000b30                restore_core_regs
                0x0000000008000b48                __gnu_Unwind_Restore_VFP
                0x0000000008000b50                __gnu_Unwind_Save_VFP
                0x0000000008000b58                __gnu_Unwind_Restore_VFP_D
                0x0000000008000b60                __gnu_Unwind_Save_VFP_D
                0x0000000008000b68                __gnu_Unwind_Restore_VFP_D_16_to_31
                0x0000000008000b70                __gnu_Unwind_Save_VFP_D_16_to_31
                0x0000000008000b78                __gnu_Unwind_Restore_WMMXD
                0x0000000008000bbc                __gnu_Unwind_Save_WMMXD
                0x0000000008000c00                __gnu_Unwind_Restore_WMMXC
                0x0000000008000c14                __gnu_Unwind_Save_WMMXC
                0x0000000008000c28                _Unwind_RaiseException
                0x0000000008000c28                ___Unwind_RaiseException
                0x0000000008000c4c                ___Unwind_Resume
                0x0000000008000c4c                _Unwind_Resume
                0x0000000008000c70                ___Unwind_Resume_or_Rethrow
                0x0000000008000c70                _Unwind_Resume_or_Rethrow
                0x0000000008000c94                _Unwind_ForcedUnwind
                0x0000000008000c94                ___Unwind_ForcedUnwind
                0x0000000008000cb8                _Unwind_Backtrace
                0x0000000008000cb8                ___Unwind_Backtrace
 .text          0x0000000008000cdc      0x38c /Applications/ARM/bin/../lib/gcc/arm-none-eabi/10.3.1/thumb/v7-m/nofp/libgcc.a(pr-support.o)
                0x0000000008000d34                __gnu_unwind_execute
                0x0000000008001018                __gnu_unwind_frame
                0x0000000008001048                _Unwind_GetRegionStart
                0x0000000008001054                _Unwind_GetLanguageSpecificData
 .text          0x0000000008001068       0xec /Applications/ARM/bin/../lib/gcc/arm-none-eabi/10.3.1/../../../../arm-none-eabi/lib/thumb/v7-m/nofp/libc.a(lib_a-memcpy.o)
                0x0000000008001068                memcpy
 *(.text*)
 .text.HAL_CAN_RxFifo0MsgPendingCallback
                0x0000000008001154       0x90 CMakeFiles/SerialPort_TO_CAN.elf.dir/Core/Src/RobotMain.cpp.obj
                0x0000000008001154                HAL_CAN_RxFifo0MsgPendingCallback
 .text.HAL_CAN_RxFifo1MsgPendingCallback
                0x00000000080011e4       0x90 CMakeFiles/SerialPort_TO_CAN.elf.dir/Core/Src/RobotMain.cpp.obj
                0x00000000080011e4                HAL_CAN_RxFifo1MsgPendingCallback
 .text._Z7CanInitv
                0x0000000008001274       0x7c CMakeFiles/SerialPort_TO_CAN.elf.dir/Core/Src/RobotMain.cpp.obj
                0x0000000008001274                CanInit()
 .text.OnHAL_UARTEx_RxEventCallback
                0x00000000080012f0       0x10 CMakeFiles/SerialPort_TO_CAN.elf.dir/Core/Src/RobotMain.cpp.obj
                0x00000000080012f0                OnHAL_UARTEx_RxEventCallback
 .text.OnHAL_UART_TxCpltCallback
                0x0000000008001300        0xc CMakeFiles/SerialPort_TO_CAN.elf.dir/Core/Src/RobotMain.cpp.obj
                0x0000000008001300                OnHAL_UART_TxCpltCallback
 .text.OnHAL_UART_RxCpltCallback
                0x000000000800130c        0xc CMakeFiles/SerialPort_TO_CAN.elf.dir/Core/Src/RobotMain.cpp.obj
                0x000000000800130c                OnHAL_UART_RxCpltCallback
 .text.OnHAL_UART_ErrorCallback
                0x0000000008001318        0xc CMakeFiles/SerialPort_TO_CAN.elf.dir/Core/Src/RobotMain.cpp.obj
                0x0000000008001318                OnHAL_UART_ErrorCallback
 .text.RobotInit
                0x0000000008001324       0xd8 CMakeFiles/SerialPort_TO_CAN.elf.dir/Core/Src/RobotMain.cpp.obj
                0x0000000008001324                RobotInit
 .text.RobotMain
                0x00000000080013fc       0x9c CMakeFiles/SerialPort_TO_CAN.elf.dir/Core/Src/RobotMain.cpp.obj
                0x00000000080013fc                RobotMain
 .text.startup._GLOBAL__sub_I_crc8_calculator
                0x0000000008001498       0xa0 CMakeFiles/SerialPort_TO_CAN.elf.dir/Core/Src/RobotMain.cpp.obj
 .text.MX_CAN_Init
                0x0000000008001538       0x3c CMakeFiles/SerialPort_TO_CAN.elf.dir/Core/Src/can.c.obj
                0x0000000008001538                MX_CAN_Init
 .text.HAL_CAN_MspInit
                0x0000000008001574       0xb4 CMakeFiles/SerialPort_TO_CAN.elf.dir/Core/Src/can.c.obj
                0x0000000008001574                HAL_CAN_MspInit
 .text.MX_DMA_Init
                0x0000000008001628       0x34 CMakeFiles/SerialPort_TO_CAN.elf.dir/Core/Src/dma.c.obj
                0x0000000008001628                MX_DMA_Init
 .text.MX_GPIO_Init
                0x000000000800165c       0x8c CMakeFiles/SerialPort_TO_CAN.elf.dir/Core/Src/gpio.c.obj
                0x000000000800165c                MX_GPIO_Init
 .text.SystemClock_Config
                0x00000000080016e8       0x6c CMakeFiles/SerialPort_TO_CAN.elf.dir/Core/Src/main.c.obj
                0x00000000080016e8                SystemClock_Config
 .text.startup.main
                0x0000000008001754       0x24 CMakeFiles/SerialPort_TO_CAN.elf.dir/Core/Src/main.c.obj
                0x0000000008001754                main
 .text.Error_Handler
                0x0000000008001778        0x4 CMakeFiles/SerialPort_TO_CAN.elf.dir/Core/Src/main.c.obj
                0x0000000008001778                Error_Handler
 .text.HAL_MspInit
                0x000000000800177c       0x44 CMakeFiles/SerialPort_TO_CAN.elf.dir/Core/Src/stm32f1xx_hal_msp.c.obj
                0x000000000800177c                HAL_MspInit
 .text.NMI_Handler
                0x00000000080017c0        0x4 CMakeFiles/SerialPort_TO_CAN.elf.dir/Core/Src/stm32f1xx_it.c.obj
                0x00000000080017c0                NMI_Handler
 .text.HardFault_Handler
                0x00000000080017c4        0x4 CMakeFiles/SerialPort_TO_CAN.elf.dir/Core/Src/stm32f1xx_it.c.obj
                0x00000000080017c4                HardFault_Handler
 .text.MemManage_Handler
                0x00000000080017c8        0x4 CMakeFiles/SerialPort_TO_CAN.elf.dir/Core/Src/stm32f1xx_it.c.obj
                0x00000000080017c8                MemManage_Handler
 .text.BusFault_Handler
                0x00000000080017cc        0x4 CMakeFiles/SerialPort_TO_CAN.elf.dir/Core/Src/stm32f1xx_it.c.obj
                0x00000000080017cc                BusFault_Handler
 .text.UsageFault_Handler
                0x00000000080017d0        0x4 CMakeFiles/SerialPort_TO_CAN.elf.dir/Core/Src/stm32f1xx_it.c.obj
                0x00000000080017d0                UsageFault_Handler
 .text.SVC_Handler
                0x00000000080017d4        0x4 CMakeFiles/SerialPort_TO_CAN.elf.dir/Core/Src/stm32f1xx_it.c.obj
                0x00000000080017d4                SVC_Handler
 .text.DebugMon_Handler
                0x00000000080017d8        0x4 CMakeFiles/SerialPort_TO_CAN.elf.dir/Core/Src/stm32f1xx_it.c.obj
                0x00000000080017d8                DebugMon_Handler
 .text.PendSV_Handler
                0x00000000080017dc        0x4 CMakeFiles/SerialPort_TO_CAN.elf.dir/Core/Src/stm32f1xx_it.c.obj
                0x00000000080017dc                PendSV_Handler
 .text.SysTick_Handler
                0x00000000080017e0        0x4 CMakeFiles/SerialPort_TO_CAN.elf.dir/Core/Src/stm32f1xx_it.c.obj
                0x00000000080017e0                SysTick_Handler
 .text.DMA1_Channel5_IRQHandler
                0x00000000080017e4        0xc CMakeFiles/SerialPort_TO_CAN.elf.dir/Core/Src/stm32f1xx_it.c.obj
                0x00000000080017e4                DMA1_Channel5_IRQHandler
 .text.USB_HP_CAN1_TX_IRQHandler
                0x00000000080017f0        0xc CMakeFiles/SerialPort_TO_CAN.elf.dir/Core/Src/stm32f1xx_it.c.obj
                0x00000000080017f0                USB_HP_CAN1_TX_IRQHandler
 .text.USB_LP_CAN1_RX0_IRQHandler
                0x00000000080017fc        0xc CMakeFiles/SerialPort_TO_CAN.elf.dir/Core/Src/stm32f1xx_it.c.obj
                0x00000000080017fc                USB_LP_CAN1_RX0_IRQHandler
 .text.CAN1_RX1_IRQHandler
                0x0000000008001808        0xc CMakeFiles/SerialPort_TO_CAN.elf.dir/Core/Src/stm32f1xx_it.c.obj
                0x0000000008001808                CAN1_RX1_IRQHandler
 .text.CAN1_SCE_IRQHandler
                0x0000000008001814        0xc CMakeFiles/SerialPort_TO_CAN.elf.dir/Core/Src/stm32f1xx_it.c.obj
                0x0000000008001814                CAN1_SCE_IRQHandler
 .text.USART1_IRQHandler
                0x0000000008001820        0xc CMakeFiles/SerialPort_TO_CAN.elf.dir/Core/Src/stm32f1xx_it.c.obj
                0x0000000008001820                USART1_IRQHandler
 .text._getpid  0x000000000800182c        0x4 CMakeFiles/SerialPort_TO_CAN.elf.dir/Core/Src/syscalls.c.obj
                0x000000000800182c                _getpid
 .text._kill    0x0000000008001830       0x14 CMakeFiles/SerialPort_TO_CAN.elf.dir/Core/Src/syscalls.c.obj
                0x0000000008001830                _kill
 .text._exit    0x0000000008001844        0xc CMakeFiles/SerialPort_TO_CAN.elf.dir/Core/Src/syscalls.c.obj
                0x0000000008001844                _exit
 .text.SystemInit
                0x0000000008001850        0x4 CMakeFiles/SerialPort_TO_CAN.elf.dir/Core/Src/system_stm32f1xx.c.obj
                0x0000000008001850                SystemInit
 .text.MX_USART1_UART_Init
                0x0000000008001854       0x38 CMakeFiles/SerialPort_TO_CAN.elf.dir/Core/Src/usart.c.obj
                0x0000000008001854                MX_USART1_UART_Init
 .text.HAL_UART_MspInit
                0x000000000800188c       0xc0 CMakeFiles/SerialPort_TO_CAN.elf.dir/Core/Src/usart.c.obj
                0x000000000800188c                HAL_UART_MspInit
 .text.HAL_UARTEx_RxEventCallback
                0x000000000800194c        0x4 CMakeFiles/SerialPort_TO_CAN.elf.dir/Core/Src/usart.c.obj
                0x000000000800194c                HAL_UARTEx_RxEventCallback
 .text.HAL_UART_TxCpltCallback
                0x0000000008001950        0x4 CMakeFiles/SerialPort_TO_CAN.elf.dir/Core/Src/usart.c.obj
                0x0000000008001950                HAL_UART_TxCpltCallback
 .text.HAL_UART_RxCpltCallback
                0x0000000008001954        0x4 CMakeFiles/SerialPort_TO_CAN.elf.dir/Core/Src/usart.c.obj
                0x0000000008001954                HAL_UART_RxCpltCallback
 .text.HAL_UART_ErrorCallback
                0x0000000008001958        0x4 CMakeFiles/SerialPort_TO_CAN.elf.dir/Core/Src/usart.c.obj
                0x0000000008001958                HAL_UART_ErrorCallback
 .text.Reset_Handler
                0x000000000800195c       0x48 CMakeFiles/SerialPort_TO_CAN.elf.dir/Core/Startup/startup_stm32f103c8tx.s.obj
                0x000000000800195c                Reset_Handler
 .text.Default_Handler
                0x00000000080019a4        0x2 CMakeFiles/SerialPort_TO_CAN.elf.dir/Core/Startup/startup_stm32f103c8tx.s.obj
                0x00000000080019a4                USBWakeUp_IRQHandler
                0x00000000080019a4                EXTI2_IRQHandler
                0x00000000080019a4                TIM1_CC_IRQHandler
                0x00000000080019a4                PVD_IRQHandler
                0x00000000080019a4                EXTI3_IRQHandler
                0x00000000080019a4                EXTI0_IRQHandler
                0x00000000080019a4                I2C2_EV_IRQHandler
                0x00000000080019a4                ADC1_2_IRQHandler
                0x00000000080019a4                SPI1_IRQHandler
                0x00000000080019a4                TAMPER_IRQHandler
                0x00000000080019a4                DMA1_Channel4_IRQHandler
                0x00000000080019a4                USART3_IRQHandler
                0x00000000080019a4                RTC_IRQHandler
                0x00000000080019a4                DMA1_Channel7_IRQHandler
                0x00000000080019a4                TIM4_IRQHandler
                0x00000000080019a4                I2C1_EV_IRQHandler
                0x00000000080019a4                DMA1_Channel6_IRQHandler
                0x00000000080019a4                TIM3_IRQHandler
                0x00000000080019a4                RCC_IRQHandler
                0x00000000080019a4                TIM1_TRG_COM_IRQHandler
                0x00000000080019a4                DMA1_Channel1_IRQHandler
                0x00000000080019a4                Default_Handler
                0x00000000080019a4                EXTI15_10_IRQHandler
                0x00000000080019a4                EXTI9_5_IRQHandler
                0x00000000080019a4                SPI2_IRQHandler
                0x00000000080019a4                EXTI4_IRQHandler
                0x00000000080019a4                DMA1_Channel3_IRQHandler
                0x00000000080019a4                TIM1_UP_IRQHandler
                0x00000000080019a4                WWDG_IRQHandler
                0x00000000080019a4                TIM2_IRQHandler
                0x00000000080019a4                TIM1_BRK_IRQHandler
                0x00000000080019a4                EXTI1_IRQHandler
                0x00000000080019a4                USART2_IRQHandler
                0x00000000080019a4                I2C2_ER_IRQHandler
                0x00000000080019a4                DMA1_Channel2_IRQHandler
                0x00000000080019a4                FLASH_IRQHandler
                0x00000000080019a4                I2C1_ER_IRQHandler
                0x00000000080019a4                RTC_Alarm_IRQHandler
 *fill*         0x00000000080019a6        0x2 
 .text.HAL_InitTick
                0x00000000080019a8       0x48 CMakeFiles/SerialPort_TO_CAN.elf.dir/Drivers/STM32F1xx_HAL_Driver/Src/stm32f1xx_hal.c.obj
                0x00000000080019a8                HAL_InitTick
 .text.HAL_Init
                0x00000000080019f0       0x24 CMakeFiles/SerialPort_TO_CAN.elf.dir/Drivers/STM32F1xx_HAL_Driver/Src/stm32f1xx_hal.c.obj
                0x00000000080019f0                HAL_Init
 .text.HAL_IncTick
                0x0000000008001a14       0x18 CMakeFiles/SerialPort_TO_CAN.elf.dir/Drivers/STM32F1xx_HAL_Driver/Src/stm32f1xx_hal.c.obj
                0x0000000008001a14                HAL_IncTick
 .text.HAL_GetTick
                0x0000000008001a2c        0xc CMakeFiles/SerialPort_TO_CAN.elf.dir/Drivers/STM32F1xx_HAL_Driver/Src/stm32f1xx_hal.c.obj
                0x0000000008001a2c                HAL_GetTick
 .text.HAL_CAN_Init
                0x0000000008001a38      0x104 CMakeFiles/SerialPort_TO_CAN.elf.dir/Drivers/STM32F1xx_HAL_Driver/Src/stm32f1xx_hal_can.c.obj
                0x0000000008001a38                HAL_CAN_Init
 .text.HAL_CAN_ConfigFilter
                0x0000000008001b3c       0xfc CMakeFiles/SerialPort_TO_CAN.elf.dir/Drivers/STM32F1xx_HAL_Driver/Src/stm32f1xx_hal_can.c.obj
                0x0000000008001b3c                HAL_CAN_ConfigFilter
 .text.HAL_CAN_Start
                0x0000000008001c38       0x64 CMakeFiles/SerialPort_TO_CAN.elf.dir/Drivers/STM32F1xx_HAL_Driver/Src/stm32f1xx_hal_can.c.obj
                0x0000000008001c38                HAL_CAN_Start
 .text.HAL_CAN_AddTxMessage
                0x0000000008001c9c       0xb0 CMakeFiles/SerialPort_TO_CAN.elf.dir/Drivers/STM32F1xx_HAL_Driver/Src/stm32f1xx_hal_can.c.obj
                0x0000000008001c9c                HAL_CAN_AddTxMessage
 .text.HAL_CAN_GetRxMessage
                0x0000000008001d4c      0x120 CMakeFiles/SerialPort_TO_CAN.elf.dir/Drivers/STM32F1xx_HAL_Driver/Src/stm32f1xx_hal_can.c.obj
                0x0000000008001d4c                HAL_CAN_GetRxMessage
 .text.HAL_CAN_TxMailbox0CompleteCallback
                0x0000000008001e6c        0x4 CMakeFiles/SerialPort_TO_CAN.elf.dir/Drivers/STM32F1xx_HAL_Driver/Src/stm32f1xx_hal_can.c.obj
                0x0000000008001e6c                HAL_CAN_TxMailbox0CompleteCallback
 .text.HAL_CAN_TxMailbox1CompleteCallback
                0x0000000008001e70        0x4 CMakeFiles/SerialPort_TO_CAN.elf.dir/Drivers/STM32F1xx_HAL_Driver/Src/stm32f1xx_hal_can.c.obj
                0x0000000008001e70                HAL_CAN_TxMailbox1CompleteCallback
 .text.HAL_CAN_TxMailbox2CompleteCallback
                0x0000000008001e74        0x4 CMakeFiles/SerialPort_TO_CAN.elf.dir/Drivers/STM32F1xx_HAL_Driver/Src/stm32f1xx_hal_can.c.obj
                0x0000000008001e74                HAL_CAN_TxMailbox2CompleteCallback
 .text.HAL_CAN_TxMailbox0AbortCallback
                0x0000000008001e78        0x4 CMakeFiles/SerialPort_TO_CAN.elf.dir/Drivers/STM32F1xx_HAL_Driver/Src/stm32f1xx_hal_can.c.obj
                0x0000000008001e78                HAL_CAN_TxMailbox0AbortCallback
 .text.HAL_CAN_TxMailbox1AbortCallback
                0x0000000008001e7c        0x4 CMakeFiles/SerialPort_TO_CAN.elf.dir/Drivers/STM32F1xx_HAL_Driver/Src/stm32f1xx_hal_can.c.obj
                0x0000000008001e7c                HAL_CAN_TxMailbox1AbortCallback
 .text.HAL_CAN_TxMailbox2AbortCallback
                0x0000000008001e80        0x4 CMakeFiles/SerialPort_TO_CAN.elf.dir/Drivers/STM32F1xx_HAL_Driver/Src/stm32f1xx_hal_can.c.obj
                0x0000000008001e80                HAL_CAN_TxMailbox2AbortCallback
 .text.HAL_CAN_RxFifo0FullCallback
                0x0000000008001e84        0x4 CMakeFiles/SerialPort_TO_CAN.elf.dir/Drivers/STM32F1xx_HAL_Driver/Src/stm32f1xx_hal_can.c.obj
                0x0000000008001e84                HAL_CAN_RxFifo0FullCallback
 .text.HAL_CAN_RxFifo1FullCallback
                0x0000000008001e88        0x4 CMakeFiles/SerialPort_TO_CAN.elf.dir/Drivers/STM32F1xx_HAL_Driver/Src/stm32f1xx_hal_can.c.obj
                0x0000000008001e88                HAL_CAN_RxFifo1FullCallback
 .text.HAL_CAN_SleepCallback
                0x0000000008001e8c        0x4 CMakeFiles/SerialPort_TO_CAN.elf.dir/Drivers/STM32F1xx_HAL_Driver/Src/stm32f1xx_hal_can.c.obj
                0x0000000008001e8c                HAL_CAN_SleepCallback
 .text.HAL_CAN_WakeUpFromRxMsgCallback
                0x0000000008001e90        0x4 CMakeFiles/SerialPort_TO_CAN.elf.dir/Drivers/STM32F1xx_HAL_Driver/Src/stm32f1xx_hal_can.c.obj
                0x0000000008001e90                HAL_CAN_WakeUpFromRxMsgCallback
 .text.HAL_CAN_ErrorCallback
                0x0000000008001e94        0x4 CMakeFiles/SerialPort_TO_CAN.elf.dir/Drivers/STM32F1xx_HAL_Driver/Src/stm32f1xx_hal_can.c.obj
                0x0000000008001e94                HAL_CAN_ErrorCallback
 .text.HAL_CAN_IRQHandler
                0x0000000008001e98      0x254 CMakeFiles/SerialPort_TO_CAN.elf.dir/Drivers/STM32F1xx_HAL_Driver/Src/stm32f1xx_hal_can.c.obj
                0x0000000008001e98                HAL_CAN_IRQHandler
 .text.HAL_NVIC_SetPriorityGrouping
                0x00000000080020ec       0x24 CMakeFiles/SerialPort_TO_CAN.elf.dir/Drivers/STM32F1xx_HAL_Driver/Src/stm32f1xx_hal_cortex.c.obj
                0x00000000080020ec                HAL_NVIC_SetPriorityGrouping
 .text.HAL_NVIC_SetPriority
                0x0000000008002110       0x7c CMakeFiles/SerialPort_TO_CAN.elf.dir/Drivers/STM32F1xx_HAL_Driver/Src/stm32f1xx_hal_cortex.c.obj
                0x0000000008002110                HAL_NVIC_SetPriority
 .text.HAL_NVIC_EnableIRQ
                0x000000000800218c       0x1c CMakeFiles/SerialPort_TO_CAN.elf.dir/Drivers/STM32F1xx_HAL_Driver/Src/stm32f1xx_hal_cortex.c.obj
                0x000000000800218c                HAL_NVIC_EnableIRQ
 .text.HAL_SYSTICK_Config
                0x00000000080021a8       0x30 CMakeFiles/SerialPort_TO_CAN.elf.dir/Drivers/STM32F1xx_HAL_Driver/Src/stm32f1xx_hal_cortex.c.obj
                0x00000000080021a8                HAL_SYSTICK_Config
 .text.HAL_DMA_Init
                0x00000000080021d8       0x70 CMakeFiles/SerialPort_TO_CAN.elf.dir/Drivers/STM32F1xx_HAL_Driver/Src/stm32f1xx_hal_dma.c.obj
                0x00000000080021d8                HAL_DMA_Init
 .text.HAL_DMA_Start_IT
                0x0000000008002248       0x90 CMakeFiles/SerialPort_TO_CAN.elf.dir/Drivers/STM32F1xx_HAL_Driver/Src/stm32f1xx_hal_dma.c.obj
                0x0000000008002248                HAL_DMA_Start_IT
 .text.HAL_DMA_Abort
                0x00000000080022d8       0x4c CMakeFiles/SerialPort_TO_CAN.elf.dir/Drivers/STM32F1xx_HAL_Driver/Src/stm32f1xx_hal_dma.c.obj
                0x00000000080022d8                HAL_DMA_Abort
 .text.HAL_DMA_Abort_IT
                0x0000000008002324       0x98 CMakeFiles/SerialPort_TO_CAN.elf.dir/Drivers/STM32F1xx_HAL_Driver/Src/stm32f1xx_hal_dma.c.obj
                0x0000000008002324                HAL_DMA_Abort_IT
 .text.HAL_DMA_IRQHandler
                0x00000000080023bc      0x12c CMakeFiles/SerialPort_TO_CAN.elf.dir/Drivers/STM32F1xx_HAL_Driver/Src/stm32f1xx_hal_dma.c.obj
                0x00000000080023bc                HAL_DMA_IRQHandler
 .text.HAL_GPIO_Init
                0x00000000080024e8      0x21c CMakeFiles/SerialPort_TO_CAN.elf.dir/Drivers/STM32F1xx_HAL_Driver/Src/stm32f1xx_hal_gpio.c.obj
                0x00000000080024e8                HAL_GPIO_Init
 .text.HAL_GPIO_ReadPin
                0x0000000008002704        0xc CMakeFiles/SerialPort_TO_CAN.elf.dir/Drivers/STM32F1xx_HAL_Driver/Src/stm32f1xx_hal_gpio.c.obj
                0x0000000008002704                HAL_GPIO_ReadPin
 .text.HAL_GPIO_WritePin
                0x0000000008002710        0x8 CMakeFiles/SerialPort_TO_CAN.elf.dir/Drivers/STM32F1xx_HAL_Driver/Src/stm32f1xx_hal_gpio.c.obj
                0x0000000008002710                HAL_GPIO_WritePin
 .text.HAL_GPIO_TogglePin
                0x0000000008002718       0x14 CMakeFiles/SerialPort_TO_CAN.elf.dir/Drivers/STM32F1xx_HAL_Driver/Src/stm32f1xx_hal_gpio.c.obj
                0x0000000008002718                HAL_GPIO_TogglePin
 .text.HAL_RCC_OscConfig
                0x000000000800272c      0x3e0 CMakeFiles/SerialPort_TO_CAN.elf.dir/Drivers/STM32F1xx_HAL_Driver/Src/stm32f1xx_hal_rcc.c.obj
                0x000000000800272c                HAL_RCC_OscConfig
 .text.HAL_RCC_ClockConfig
                0x0000000008002b0c      0x184 CMakeFiles/SerialPort_TO_CAN.elf.dir/Drivers/STM32F1xx_HAL_Driver/Src/stm32f1xx_hal_rcc.c.obj
                0x0000000008002b0c                HAL_RCC_ClockConfig
 .text.HAL_RCC_GetPCLK1Freq
                0x0000000008002c90       0x20 CMakeFiles/SerialPort_TO_CAN.elf.dir/Drivers/STM32F1xx_HAL_Driver/Src/stm32f1xx_hal_rcc.c.obj
                0x0000000008002c90                HAL_RCC_GetPCLK1Freq
 .text.HAL_RCC_GetPCLK2Freq
                0x0000000008002cb0       0x20 CMakeFiles/SerialPort_TO_CAN.elf.dir/Drivers/STM32F1xx_HAL_Driver/Src/stm32f1xx_hal_rcc.c.obj
                0x0000000008002cb0                HAL_RCC_GetPCLK2Freq
 .text.HAL_UART_Init
                0x0000000008002cd0       0xdc CMakeFiles/SerialPort_TO_CAN.elf.dir/Drivers/STM32F1xx_HAL_Driver/Src/stm32f1xx_hal_uart.c.obj
                0x0000000008002cd0                HAL_UART_Init
 .text.HAL_UART_Transmit
                0x0000000008002dac      0x144 CMakeFiles/SerialPort_TO_CAN.elf.dir/Drivers/STM32F1xx_HAL_Driver/Src/stm32f1xx_hal_uart.c.obj
                0x0000000008002dac                HAL_UART_Transmit
 .text.HAL_UART_RxHalfCpltCallback
                0x0000000008002ef0        0x4 CMakeFiles/SerialPort_TO_CAN.elf.dir/Drivers/STM32F1xx_HAL_Driver/Src/stm32f1xx_hal_uart.c.obj
                0x0000000008002ef0                HAL_UART_RxHalfCpltCallback
 .text.UART_DMAError
                0x0000000008002ef4       0xbc CMakeFiles/SerialPort_TO_CAN.elf.dir/Drivers/STM32F1xx_HAL_Driver/Src/stm32f1xx_hal_uart.c.obj
 .text.UART_DMAAbortOnError
                0x0000000008002fb0       0x10 CMakeFiles/SerialPort_TO_CAN.elf.dir/Drivers/STM32F1xx_HAL_Driver/Src/stm32f1xx_hal_uart.c.obj
 .text.UART_DMARxHalfCplt
                0x0000000008002fc0       0x20 CMakeFiles/SerialPort_TO_CAN.elf.dir/Drivers/STM32F1xx_HAL_Driver/Src/stm32f1xx_hal_uart.c.obj
 .text.UART_DMAReceiveCplt
                0x0000000008002fe0       0x98 CMakeFiles/SerialPort_TO_CAN.elf.dir/Drivers/STM32F1xx_HAL_Driver/Src/stm32f1xx_hal_uart.c.obj
 .text.UART_Receive_IT.part.0.isra.0
                0x0000000008003078       0xd0 CMakeFiles/SerialPort_TO_CAN.elf.dir/Drivers/STM32F1xx_HAL_Driver/Src/stm32f1xx_hal_uart.c.obj
 .text.HAL_UART_IRQHandler
                0x0000000008003148      0x31c CMakeFiles/SerialPort_TO_CAN.elf.dir/Drivers/STM32F1xx_HAL_Driver/Src/stm32f1xx_hal_uart.c.obj
                0x0000000008003148                HAL_UART_IRQHandler
 .text.UART_Start_Receive_DMA
                0x0000000008003464       0xa0 CMakeFiles/SerialPort_TO_CAN.elf.dir/Drivers/STM32F1xx_HAL_Driver/Src/stm32f1xx_hal_uart.c.obj
                0x0000000008003464                UART_Start_Receive_DMA
 .text.HAL_UARTEx_ReceiveToIdle_DMA
                0x0000000008003504       0x60 CMakeFiles/SerialPort_TO_CAN.elf.dir/Drivers/STM32F1xx_HAL_Driver/Src/stm32f1xx_hal_uart.c.obj
                0x0000000008003504                HAL_UARTEx_ReceiveToIdle_DMA
 .text._ZN6CanBusC2ENS_6IDTypeE
                0x0000000008003564        0x4 CMakeFiles/SerialPort_TO_CAN.elf.dir/rdk/core/transfer/can_bus.cpp.obj
                0x0000000008003564                CanBus::CanBus(CanBus::IDType)
                0x0000000008003564                CanBus::CanBus(CanBus::IDType)
 .text._ZN6CanBusD2Ev
                0x0000000008003568        0x4 CMakeFiles/SerialPort_TO_CAN.elf.dir/rdk/core/transfer/can_bus.cpp.obj
                0x0000000008003568                CanBus::~CanBus()
                0x0000000008003568                CanBus::~CanBus()
 .text._ZN14CircularBufferC2Ev
                0x000000000800356c       0x18 CMakeFiles/SerialPort_TO_CAN.elf.dir/rdk/core/transfer/circular_buffer.cpp.obj
                0x000000000800356c                CircularBuffer::CircularBuffer()
                0x000000000800356c                CircularBuffer::CircularBuffer()
 .text._ZN14CircularBufferD2Ev
                0x0000000008003584        0x4 CMakeFiles/SerialPort_TO_CAN.elf.dir/rdk/core/transfer/circular_buffer.cpp.obj
                0x0000000008003584                CircularBuffer::~CircularBuffer()
                0x0000000008003584                CircularBuffer::~CircularBuffer()
 .text._ZN14CircularBuffer9push_backEh
                0x0000000008003588       0x38 CMakeFiles/SerialPort_TO_CAN.elf.dir/rdk/core/transfer/circular_buffer.cpp.obj
                0x0000000008003588                CircularBuffer::push_back(unsigned char)
 .text._ZN14CircularBuffer9pop_frontEv
                0x00000000080035c0       0x2c CMakeFiles/SerialPort_TO_CAN.elf.dir/rdk/core/transfer/circular_buffer.cpp.obj
                0x00000000080035c0                CircularBuffer::pop_front()
 .text._ZN14CircularBuffer9availableEv
                0x00000000080035ec        0xc CMakeFiles/SerialPort_TO_CAN.elf.dir/rdk/core/transfer/circular_buffer.cpp.obj
                0x00000000080035ec                CircularBuffer::available()
 .text._ZN14Crc8CalculatorC2Eh
                0x00000000080035f8       0xcc CMakeFiles/SerialPort_TO_CAN.elf.dir/rdk/core/transfer/crc.cpp.obj
                0x00000000080035f8                Crc8Calculator::Crc8Calculator(unsigned char)
                0x00000000080035f8                Crc8Calculator::Crc8Calculator(unsigned char)
 .text._ZN14Crc8CalculatorD2Ev
                0x00000000080036c4        0x4 CMakeFiles/SerialPort_TO_CAN.elf.dir/rdk/core/transfer/crc.cpp.obj
                0x00000000080036c4                Crc8Calculator::~Crc8Calculator()
                0x00000000080036c4                Crc8Calculator::~Crc8Calculator()
 .text._ZN14Crc8Calculator13process_bytesEPhj
                0x00000000080036c8       0x1c CMakeFiles/SerialPort_TO_CAN.elf.dir/rdk/core/transfer/crc.cpp.obj
                0x00000000080036c8                Crc8Calculator::process_bytes(unsigned char*, unsigned int)
 .text._ZN14Crc8Calculator8checksumEv
                0x00000000080036e4        0x4 CMakeFiles/SerialPort_TO_CAN.elf.dir/rdk/core/transfer/crc.cpp.obj
                0x00000000080036e4                Crc8Calculator::checksum()
 .text._ZN10SerialPortC2EP20__UART_HandleTypeDefP14CircularBuffer
                0x00000000080036e8       0x10 CMakeFiles/SerialPort_TO_CAN.elf.dir/rdk/core/transfer/serial_port.cpp.obj
                0x00000000080036e8                SerialPort::SerialPort(__UART_HandleTypeDef*, CircularBuffer*)
                0x00000000080036e8                SerialPort::SerialPort(__UART_HandleTypeDef*, CircularBuffer*)
 .text._ZN10SerialPortD2Ev
                0x00000000080036f8        0x4 CMakeFiles/SerialPort_TO_CAN.elf.dir/rdk/core/transfer/serial_port.cpp.obj
                0x00000000080036f8                SerialPort::~SerialPort()
                0x00000000080036f8                SerialPort::~SerialPort()
 .text._ZN10SerialPort5startEv
                0x00000000080036fc       0x10 CMakeFiles/SerialPort_TO_CAN.elf.dir/rdk/core/transfer/serial_port.cpp.obj
                0x00000000080036fc                SerialPort::start()
 .text._ZN10SerialPort28OnHAL_UARTEx_RxEventCallbackEP20__UART_HandleTypeDeft
                0x000000000800370c       0x98 CMakeFiles/SerialPort_TO_CAN.elf.dir/rdk/core/transfer/serial_port.cpp.obj
                0x000000000800370c                SerialPort::OnHAL_UARTEx_RxEventCallback(__UART_HandleTypeDef*, unsigned short)
 .text._ZN10SerialPort25OnHAL_UART_TxCpltCallbackEP20__UART_HandleTypeDef
                0x00000000080037a4       0x1c CMakeFiles/SerialPort_TO_CAN.elf.dir/rdk/core/transfer/serial_port.cpp.obj
                0x00000000080037a4                SerialPort::OnHAL_UART_TxCpltCallback(__UART_HandleTypeDef*)
 .text._ZN10SerialPort25OnHAL_UART_RxCpltCallbackEP20__UART_HandleTypeDef
                0x00000000080037c0       0x1c CMakeFiles/SerialPort_TO_CAN.elf.dir/rdk/core/transfer/serial_port.cpp.obj
                0x00000000080037c0                SerialPort::OnHAL_UART_RxCpltCallback(__UART_HandleTypeDef*)
 .text._ZN10SerialPort24OnHAL_UART_ErrorCallbackEP20__UART_HandleTypeDef
                0x00000000080037dc       0x3c CMakeFiles/SerialPort_TO_CAN.elf.dir/rdk/core/transfer/serial_port.cpp.obj
                0x00000000080037dc                SerialPort::OnHAL_UART_ErrorCallback(__UART_HandleTypeDef*)
 .text._ZN10SerialPort5writeEPhj
                0x0000000008003818       0x14 CMakeFiles/SerialPort_TO_CAN.elf.dir/rdk/core/transfer/serial_port.cpp.obj
                0x0000000008003818                SerialPort::write(unsigned char*, unsigned int)
 .text._ZN10SerialPort4readEPhji
                0x000000000800382c       0x5c CMakeFiles/SerialPort_TO_CAN.elf.dir/rdk/core/transfer/serial_port.cpp.obj
                0x000000000800382c                SerialPort::read(unsigned char*, unsigned int, int)
 .text._ZN11SerialToCanC2EP20SimpleBinaryTransferN6CanBus6IDTypeE
                0x0000000008003888       0x14 CMakeFiles/SerialPort_TO_CAN.elf.dir/rdk/core/transfer/serial_to_can.cpp.obj
                0x0000000008003888                SerialToCan::SerialToCan(SimpleBinaryTransfer*, CanBus::IDType)
                0x0000000008003888                SerialToCan::SerialToCan(SimpleBinaryTransfer*, CanBus::IDType)
 .text._ZN11SerialToCanD2Ev
                0x000000000800389c        0xc CMakeFiles/SerialPort_TO_CAN.elf.dir/rdk/core/transfer/serial_to_can.cpp.obj
                0x000000000800389c                SerialToCan::~SerialToCan()
                0x000000000800389c                SerialToCan::~SerialToCan()
 .text._ZN11SerialToCan11set_id_typeEN6CanBus6IDTypeE
                0x00000000080038a8        0x4 CMakeFiles/SerialPort_TO_CAN.elf.dir/rdk/core/transfer/serial_to_can.cpp.obj
                0x00000000080038a8                SerialToCan::set_id_type(CanBus::IDType)
 .text._ZN11SerialToCan11write_frameEmN6CanBus9FrameDataE
                0x00000000080038ac       0x48 CMakeFiles/SerialPort_TO_CAN.elf.dir/rdk/core/transfer/serial_to_can.cpp.obj
                0x00000000080038ac                SerialToCan::write_frame(unsigned long, CanBus::FrameData)
 .text._ZN11SerialToCan10read_frameEPmPN6CanBus9FrameDataE
                0x00000000080038f4       0x40 CMakeFiles/SerialPort_TO_CAN.elf.dir/rdk/core/transfer/serial_to_can.cpp.obj
                0x00000000080038f4                SerialToCan::read_frame(unsigned long*, CanBus::FrameData*)
 .text._ZN20SimpleBinaryTransferC2EP10SerialPortP14Crc8Calculator
                0x0000000008003934       0x1c CMakeFiles/SerialPort_TO_CAN.elf.dir/rdk/core/transfer/simple_binary_transfer.cpp.obj
                0x0000000008003934                SimpleBinaryTransfer::SimpleBinaryTransfer(SerialPort*, Crc8Calculator*)
                0x0000000008003934                SimpleBinaryTransfer::SimpleBinaryTransfer(SerialPort*, Crc8Calculator*)
 .text._ZN20SimpleBinaryTransferD2Ev
                0x0000000008003950        0x4 CMakeFiles/SerialPort_TO_CAN.elf.dir/rdk/core/transfer/simple_binary_transfer.cpp.obj
                0x0000000008003950                SimpleBinaryTransfer::~SimpleBinaryTransfer()
                0x0000000008003950                SimpleBinaryTransfer::~SimpleBinaryTransfer()
 .text._ZN20SimpleBinaryTransfer11send_binaryEPhj
                0x0000000008003954       0x58 CMakeFiles/SerialPort_TO_CAN.elf.dir/rdk/core/transfer/simple_binary_transfer.cpp.obj
                0x0000000008003954                SimpleBinaryTransfer::send_binary(unsigned char*, unsigned int)
 .text._ZN20SimpleBinaryTransfer11recv_binaryEPhji
                0x00000000080039ac      0x158 CMakeFiles/SerialPort_TO_CAN.elf.dir/rdk/core/transfer/simple_binary_transfer.cpp.obj
                0x00000000080039ac                SimpleBinaryTransfer::recv_binary(unsigned char*, unsigned int, int)
 .text.__aeabi_atexit
                0x0000000008003b04        0xc /Applications/ARM/bin/../lib/gcc/arm-none-eabi/10.3.1/../../../../arm-none-eabi/lib/thumb/v7-m/nofp/libstdc++.a(atexit_arm.o)
                0x0000000008003b04                __aeabi_atexit
 .text.abort    0x0000000008003b10       0x10 /Applications/ARM/bin/../lib/gcc/arm-none-eabi/10.3.1/../../../../arm-none-eabi/lib/thumb/v7-m/nofp/libc.a(lib_a-abort.o)
                0x0000000008003b10                abort
 .text.__cxa_atexit
                0x0000000008003b20       0x18 /Applications/ARM/bin/../lib/gcc/arm-none-eabi/10.3.1/../../../../arm-none-eabi/lib/thumb/v7-m/nofp/libc.a(lib_a-cxa_atexit.o)
                0x0000000008003b20                __cxa_atexit
 .text.__errno  0x0000000008003b38        0xc /Applications/ARM/bin/../lib/gcc/arm-none-eabi/10.3.1/../../../../arm-none-eabi/lib/thumb/v7-m/nofp/libc.a(lib_a-errno.o)
                0x0000000008003b38                __errno
 .text.__libc_init_array
                0x0000000008003b44       0x48 /Applications/ARM/bin/../lib/gcc/arm-none-eabi/10.3.1/../../../../arm-none-eabi/lib/thumb/v7-m/nofp/libc.a(lib_a-init.o)
                0x0000000008003b44                __libc_init_array
 .text.memset   0x0000000008003b8c       0xa4 /Applications/ARM/bin/../lib/gcc/arm-none-eabi/10.3.1/../../../../arm-none-eabi/lib/thumb/v7-m/nofp/libc.a(lib_a-memset.o)
                0x0000000008003b8c                memset
 .text.raise    0x0000000008003c30       0x5c /Applications/ARM/bin/../lib/gcc/arm-none-eabi/10.3.1/../../../../arm-none-eabi/lib/thumb/v7-m/nofp/libc.a(lib_a-signal.o)
                0x0000000008003c30                raise
 .text._kill_r  0x0000000008003c8c       0x28 /Applications/ARM/bin/../lib/gcc/arm-none-eabi/10.3.1/../../../../arm-none-eabi/lib/thumb/v7-m/nofp/libc.a(lib_a-signalr.o)
                0x0000000008003c8c                _kill_r
 .text._getpid_r
                0x0000000008003cb4        0x4 /Applications/ARM/bin/../lib/gcc/arm-none-eabi/10.3.1/../../../../arm-none-eabi/lib/thumb/v7-m/nofp/libc.a(lib_a-signalr.o)
                0x0000000008003cb4                _getpid_r
 .text.__register_exitproc
                0x0000000008003cb8       0x8c /Applications/ARM/bin/../lib/gcc/arm-none-eabi/10.3.1/../../../../arm-none-eabi/lib/thumb/v7-m/nofp/libc.a(lib_a-__atexit.o)
                0x0000000008003cb8                __register_exitproc
 .text.startup.register_fini
                0x0000000008003d44       0x14 /Applications/ARM/bin/../lib/gcc/arm-none-eabi/10.3.1/../../../../arm-none-eabi/lib/thumb/v7-m/nofp/libc.a(lib_a-__call_atexit.o)
 .text.atexit   0x0000000008003d58        0xc /Applications/ARM/bin/../lib/gcc/arm-none-eabi/10.3.1/../../../../arm-none-eabi/lib/thumb/v7-m/nofp/libc.a(lib_a-atexit.o)
                0x0000000008003d58                atexit
 .text.__libc_fini_array
                0x0000000008003d64       0x2c /Applications/ARM/bin/../lib/gcc/arm-none-eabi/10.3.1/../../../../arm-none-eabi/lib/thumb/v7-m/nofp/libc.a(lib_a-fini.o)
                0x0000000008003d64                __libc_fini_array
 .text.__retarget_lock_acquire_recursive
                0x0000000008003d90        0x4 /Applications/ARM/bin/../lib/gcc/arm-none-eabi/10.3.1/../../../../arm-none-eabi/lib/thumb/v7-m/nofp/libc.a(lib_a-lock.o)
                0x0000000008003d90                __retarget_lock_acquire_recursive
 .text.__retarget_lock_release_recursive
                0x0000000008003d94        0x4 /Applications/ARM/bin/../lib/gcc/arm-none-eabi/10.3.1/../../../../arm-none-eabi/lib/thumb/v7-m/nofp/libc.a(lib_a-lock.o)
                0x0000000008003d94                __retarget_lock_release_recursive
 *(.glue_7)
 .glue_7        0x0000000008003d98        0x0 linker stubs
 *(.glue_7t)
 .glue_7t       0x0000000008003d98        0x0 linker stubs
 *(.eh_frame)
 .eh_frame      0x0000000008003d98        0x0 /Applications/ARM/bin/../lib/gcc/arm-none-eabi/10.3.1/thumb/v7-m/nofp/crtbegin.o
 *(.init)
 .init          0x0000000008003d98        0x4 /Applications/ARM/bin/../lib/gcc/arm-none-eabi/10.3.1/thumb/v7-m/nofp/crti.o
                0x0000000008003d98                _init
 .init          0x0000000008003d9c        0x8 /Applications/ARM/bin/../lib/gcc/arm-none-eabi/10.3.1/thumb/v7-m/nofp/crtn.o
 *(.fini)
 .fini          0x0000000008003da4        0x4 /Applications/ARM/bin/../lib/gcc/arm-none-eabi/10.3.1/thumb/v7-m/nofp/crti.o
                0x0000000008003da4                _fini
 .fini          0x0000000008003da8        0x8 /Applications/ARM/bin/../lib/gcc/arm-none-eabi/10.3.1/thumb/v7-m/nofp/crtn.o
                0x0000000008003db0                . = ALIGN (0x4)
                0x0000000008003db0                _etext = .

.vfp11_veneer   0x0000000008003db0        0x0
 .vfp11_veneer  0x0000000008003db0        0x0 linker stubs

.v4_bx          0x0000000008003db0        0x0
 .v4_bx         0x0000000008003db0        0x0 linker stubs

.iplt           0x0000000008003db0        0x0
 .iplt          0x0000000008003db0        0x0 /Applications/ARM/bin/../lib/gcc/arm-none-eabi/10.3.1/thumb/v7-m/nofp/crtbegin.o

.rodata         0x0000000008003db0       0x30
                0x0000000008003db0                . = ALIGN (0x4)
 *(.rodata)
 *(.rodata*)
 .rodata.AHBPrescTable
                0x0000000008003db0       0x10 CMakeFiles/SerialPort_TO_CAN.elf.dir/Core/Src/system_stm32f1xx.c.obj
                0x0000000008003db0                AHBPrescTable
 .rodata.APBPrescTable
                0x0000000008003dc0        0x8 CMakeFiles/SerialPort_TO_CAN.elf.dir/Core/Src/system_stm32f1xx.c.obj
                0x0000000008003dc0                APBPrescTable
 .rodata.aPLLMULFactorTable.1
                0x0000000008003dc8       0x10 CMakeFiles/SerialPort_TO_CAN.elf.dir/Drivers/STM32F1xx_HAL_Driver/Src/stm32f1xx_hal_rcc.c.obj
 .rodata.aPredivFactorTable.0
                0x0000000008003dd8        0x2 CMakeFiles/SerialPort_TO_CAN.elf.dir/Drivers/STM32F1xx_HAL_Driver/Src/stm32f1xx_hal_rcc.c.obj
 *fill*         0x0000000008003dda        0x2 
 .rodata._global_impure_ptr
                0x0000000008003ddc        0x4 /Applications/ARM/bin/../lib/gcc/arm-none-eabi/10.3.1/../../../../arm-none-eabi/lib/thumb/v7-m/nofp/libc.a(lib_a-impure.o)
                0x0000000008003ddc                _global_impure_ptr
                0x0000000008003de0                . = ALIGN (0x4)

.ARM.extab      0x0000000008003de0       0x24
                0x0000000008003de0                . = ALIGN (0x4)
 *(.ARM.extab* .gnu.linkonce.armextab.*)
 .ARM.extab.text._ZN11SerialToCan11write_frameEmN6CanBus9FrameDataE
                0x0000000008003de0        0xc CMakeFiles/SerialPort_TO_CAN.elf.dir/rdk/core/transfer/serial_to_can.cpp.obj
 .ARM.extab     0x0000000008003dec       0x18 /Applications/ARM/bin/../lib/gcc/arm-none-eabi/10.3.1/thumb/v7-m/nofp/libgcc.a(pr-support.o)
                0x0000000008003e04                . = ALIGN (0x4)

.ARM            0x0000000008003e04      0x150
                0x0000000008003e04                . = ALIGN (0x4)
                0x0000000008003e04                __exidx_start = .
 *(.ARM.exidx*)
 .ARM.exidx.text.HAL_CAN_RxFifo0MsgPendingCallback
                0x0000000008003ebc        0x8 CMakeFiles/SerialPort_TO_CAN.elf.dir/Core/Src/RobotMain.cpp.obj
 .ARM.exidx.text.HAL_CAN_RxFifo1MsgPendingCallback
                0x0000000008003ec4        0x0 CMakeFiles/SerialPort_TO_CAN.elf.dir/Core/Src/RobotMain.cpp.obj
                                          0x8 (size before relaxing)
 .ARM.exidx.text._Z7CanInitv
                0x0000000008003ec4        0x8 CMakeFiles/SerialPort_TO_CAN.elf.dir/Core/Src/RobotMain.cpp.obj
 .ARM.exidx.text.OnHAL_UARTEx_RxEventCallback
                0x0000000008003ecc        0x8 CMakeFiles/SerialPort_TO_CAN.elf.dir/Core/Src/RobotMain.cpp.obj
 .ARM.exidx.text.OnHAL_UART_TxCpltCallback
                0x0000000008003ed4        0x0 CMakeFiles/SerialPort_TO_CAN.elf.dir/Core/Src/RobotMain.cpp.obj
                                          0x8 (size before relaxing)
 .ARM.exidx.text.OnHAL_UART_RxCpltCallback
                0x0000000008003ed4        0x0 CMakeFiles/SerialPort_TO_CAN.elf.dir/Core/Src/RobotMain.cpp.obj
                                          0x8 (size before relaxing)
 .ARM.exidx.text.OnHAL_UART_ErrorCallback
                0x0000000008003ed4        0x0 CMakeFiles/SerialPort_TO_CAN.elf.dir/Core/Src/RobotMain.cpp.obj
                                          0x8 (size before relaxing)
 .ARM.exidx.text.RobotInit
                0x0000000008003ed4        0x8 CMakeFiles/SerialPort_TO_CAN.elf.dir/Core/Src/RobotMain.cpp.obj
 .ARM.exidx.text.RobotMain
                0x0000000008003edc        0x8 CMakeFiles/SerialPort_TO_CAN.elf.dir/Core/Src/RobotMain.cpp.obj
 .ARM.exidx.text.startup._GLOBAL__sub_I_crc8_calculator
                0x0000000008003ee4        0x8 CMakeFiles/SerialPort_TO_CAN.elf.dir/Core/Src/RobotMain.cpp.obj
 .ARM.exidx.text._ZN6CanBusC2ENS_6IDTypeE
                0x0000000008003eec        0x0 CMakeFiles/SerialPort_TO_CAN.elf.dir/rdk/core/transfer/can_bus.cpp.obj
                                          0x8 (size before relaxing)
 .ARM.exidx.text._ZN6CanBusD2Ev
                0x0000000008003eec        0x0 CMakeFiles/SerialPort_TO_CAN.elf.dir/rdk/core/transfer/can_bus.cpp.obj
                                          0x8 (size before relaxing)
 .ARM.exidx.text._ZN14CircularBufferC2Ev
                0x0000000008003eec        0x0 CMakeFiles/SerialPort_TO_CAN.elf.dir/rdk/core/transfer/circular_buffer.cpp.obj
                                          0x8 (size before relaxing)
 .ARM.exidx.text._ZN14CircularBufferD2Ev
                0x0000000008003eec        0x0 CMakeFiles/SerialPort_TO_CAN.elf.dir/rdk/core/transfer/circular_buffer.cpp.obj
                                          0x8 (size before relaxing)
 .ARM.exidx.text._ZN14CircularBuffer9push_backEh
                0x0000000008003eec        0x0 CMakeFiles/SerialPort_TO_CAN.elf.dir/rdk/core/transfer/circular_buffer.cpp.obj
                                          0x8 (size before relaxing)
 .ARM.exidx.text._ZN14CircularBuffer9pop_frontEv
                0x0000000008003eec        0x0 CMakeFiles/SerialPort_TO_CAN.elf.dir/rdk/core/transfer/circular_buffer.cpp.obj
                                          0x8 (size before relaxing)
 .ARM.exidx.text._ZN14CircularBuffer9availableEv
                0x0000000008003eec        0x0 CMakeFiles/SerialPort_TO_CAN.elf.dir/rdk/core/transfer/circular_buffer.cpp.obj
                                          0x8 (size before relaxing)
 .ARM.exidx.text._ZN14Crc8CalculatorC2Eh
                0x0000000008003eec        0x0 CMakeFiles/SerialPort_TO_CAN.elf.dir/rdk/core/transfer/crc.cpp.obj
                                          0x8 (size before relaxing)
 .ARM.exidx.text._ZN14Crc8CalculatorD2Ev
                0x0000000008003eec        0x0 CMakeFiles/SerialPort_TO_CAN.elf.dir/rdk/core/transfer/crc.cpp.obj
                                          0x8 (size before relaxing)
 .ARM.exidx.text._ZN14Crc8Calculator13process_bytesEPhj
                0x0000000008003eec        0x0 CMakeFiles/SerialPort_TO_CAN.elf.dir/rdk/core/transfer/crc.cpp.obj
                                          0x8 (size before relaxing)
 .ARM.exidx.text._ZN14Crc8Calculator8checksumEv
                0x0000000008003eec        0x0 CMakeFiles/SerialPort_TO_CAN.elf.dir/rdk/core/transfer/crc.cpp.obj
                                          0x8 (size before relaxing)
 .ARM.exidx.text._ZN10SerialPortC2EP20__UART_HandleTypeDefP14CircularBuffer
                0x0000000008003eec        0x0 CMakeFiles/SerialPort_TO_CAN.elf.dir/rdk/core/transfer/serial_port.cpp.obj
                                          0x8 (size before relaxing)
 .ARM.exidx.text._ZN10SerialPortD2Ev
                0x0000000008003eec        0x0 CMakeFiles/SerialPort_TO_CAN.elf.dir/rdk/core/transfer/serial_port.cpp.obj
                                          0x8 (size before relaxing)
 .ARM.exidx.text._ZN10SerialPort5startEv
                0x0000000008003eec        0x0 CMakeFiles/SerialPort_TO_CAN.elf.dir/rdk/core/transfer/serial_port.cpp.obj
                                          0x8 (size before relaxing)
 .ARM.exidx.text._ZN10SerialPort28OnHAL_UARTEx_RxEventCallbackEP20__UART_HandleTypeDeft
                0x0000000008003eec        0x8 CMakeFiles/SerialPort_TO_CAN.elf.dir/rdk/core/transfer/serial_port.cpp.obj
 .ARM.exidx.text._ZN10SerialPort25OnHAL_UART_TxCpltCallbackEP20__UART_HandleTypeDef
                0x0000000008003ef4        0x8 CMakeFiles/SerialPort_TO_CAN.elf.dir/rdk/core/transfer/serial_port.cpp.obj
 .ARM.exidx.text._ZN10SerialPort25OnHAL_UART_RxCpltCallbackEP20__UART_HandleTypeDef
                0x0000000008003efc        0x0 CMakeFiles/SerialPort_TO_CAN.elf.dir/rdk/core/transfer/serial_port.cpp.obj
                                          0x8 (size before relaxing)
 .ARM.exidx.text._ZN10SerialPort24OnHAL_UART_ErrorCallbackEP20__UART_HandleTypeDef
                0x0000000008003efc        0x8 CMakeFiles/SerialPort_TO_CAN.elf.dir/rdk/core/transfer/serial_port.cpp.obj
 .ARM.exidx.text._ZN10SerialPort5writeEPhj
                0x0000000008003f04        0x8 CMakeFiles/SerialPort_TO_CAN.elf.dir/rdk/core/transfer/serial_port.cpp.obj
 .ARM.exidx.text._ZN10SerialPort4readEPhji
                0x0000000008003f0c        0x8 CMakeFiles/SerialPort_TO_CAN.elf.dir/rdk/core/transfer/serial_port.cpp.obj
 .ARM.exidx.text._ZN11SerialToCanC2EP20SimpleBinaryTransferN6CanBus6IDTypeE
                0x0000000008003f14        0x8 CMakeFiles/SerialPort_TO_CAN.elf.dir/rdk/core/transfer/serial_to_can.cpp.obj
 .ARM.exidx.text._ZN11SerialToCanD2Ev
                0x0000000008003f1c        0x8 CMakeFiles/SerialPort_TO_CAN.elf.dir/rdk/core/transfer/serial_to_can.cpp.obj
 .ARM.exidx.text._ZN11SerialToCan11set_id_typeEN6CanBus6IDTypeE
                0x0000000008003f24        0x0 CMakeFiles/SerialPort_TO_CAN.elf.dir/rdk/core/transfer/serial_to_can.cpp.obj
                                          0x8 (size before relaxing)
 .ARM.exidx.text._ZN11SerialToCan11write_frameEmN6CanBus9FrameDataE
                0x0000000008003f24        0x8 CMakeFiles/SerialPort_TO_CAN.elf.dir/rdk/core/transfer/serial_to_can.cpp.obj
 .ARM.exidx.text._ZN11SerialToCan10read_frameEPmPN6CanBus9FrameDataE
                0x0000000008003f2c        0x8 CMakeFiles/SerialPort_TO_CAN.elf.dir/rdk/core/transfer/serial_to_can.cpp.obj
 .ARM.exidx.text._ZN20SimpleBinaryTransferC2EP10SerialPortP14Crc8Calculator
                0x0000000008003f34        0x8 CMakeFiles/SerialPort_TO_CAN.elf.dir/rdk/core/transfer/simple_binary_transfer.cpp.obj
 .ARM.exidx.text._ZN20SimpleBinaryTransferD2Ev
                0x0000000008003f3c        0x0 CMakeFiles/SerialPort_TO_CAN.elf.dir/rdk/core/transfer/simple_binary_transfer.cpp.obj
                                          0x8 (size before relaxing)
 .ARM.exidx.text._ZN20SimpleBinaryTransfer11send_binaryEPhj
                0x0000000008003f3c        0x8 CMakeFiles/SerialPort_TO_CAN.elf.dir/rdk/core/transfer/simple_binary_transfer.cpp.obj
 .ARM.exidx.text._ZN20SimpleBinaryTransfer11recv_binaryEPhji
                0x0000000008003f44        0x8 CMakeFiles/SerialPort_TO_CAN.elf.dir/rdk/core/transfer/simple_binary_transfer.cpp.obj
 .ARM.exidx.text.__aeabi_atexit
                0x0000000008003f4c        0x8 /Applications/ARM/bin/../lib/gcc/arm-none-eabi/10.3.1/../../../../arm-none-eabi/lib/thumb/v7-m/nofp/libstdc++.a(atexit_arm.o)
 .ARM.exidx     0x0000000008003e04       0x80 /Applications/ARM/bin/../lib/gcc/arm-none-eabi/10.3.1/thumb/v7-m/nofp/libgcc.a(unwind-arm.o)
                                         0xd8 (size before relaxing)
 .ARM.exidx     0x0000000008003e84       0x38 /Applications/ARM/bin/../lib/gcc/arm-none-eabi/10.3.1/thumb/v7-m/nofp/libgcc.a(pr-support.o)
                0x0000000008003f54                __exidx_end = .
                0x0000000008003f54                . = ALIGN (0x4)

.rel.dyn        0x0000000008003f54        0x0
 .rel.iplt      0x0000000008003f54        0x0 /Applications/ARM/bin/../lib/gcc/arm-none-eabi/10.3.1/thumb/v7-m/nofp/crtbegin.o

.preinit_array  0x0000000008003f54        0x0
                0x0000000008003f54                . = ALIGN (0x4)
                0x0000000008003f54                PROVIDE (__preinit_array_start = .)
 *(.preinit_array*)
                0x0000000008003f54                PROVIDE (__preinit_array_end = .)
                0x0000000008003f54                . = ALIGN (0x4)

.init_array     0x0000000008003f54        0xc
                0x0000000008003f54                . = ALIGN (0x4)
                0x0000000008003f54                PROVIDE (__init_array_start = .)
 *(SORT_BY_NAME(.init_array.*))
 .init_array.00000
                0x0000000008003f54        0x4 /Applications/ARM/bin/../lib/gcc/arm-none-eabi/10.3.1/../../../../arm-none-eabi/lib/thumb/v7-m/nofp/libc.a(lib_a-__call_atexit.o)
 *(.init_array*)
 .init_array    0x0000000008003f58        0x4 /Applications/ARM/bin/../lib/gcc/arm-none-eabi/10.3.1/thumb/v7-m/nofp/crtbegin.o
 .init_array    0x0000000008003f5c        0x4 CMakeFiles/SerialPort_TO_CAN.elf.dir/Core/Src/RobotMain.cpp.obj
                0x0000000008003f60                PROVIDE (__init_array_end = .)
                0x0000000008003f60                . = ALIGN (0x4)

.fini_array     0x0000000008003f60        0x4
                0x0000000008003f60                . = ALIGN (0x4)
                0x0000000008003f60                PROVIDE (__fini_array_start = .)
 *(SORT_BY_NAME(.fini_array.*))
 *(.fini_array*)
 .fini_array    0x0000000008003f60        0x4 /Applications/ARM/bin/../lib/gcc/arm-none-eabi/10.3.1/thumb/v7-m/nofp/crtbegin.o
                0x0000000008003f64                PROVIDE (__fini_array_end = .)
                0x0000000008003f64                . = ALIGN (0x4)
                0x0000000008003f64                _sidata = LOADADDR (.data)

.data           0x0000000020000000      0x444 load address 0x0000000008003f64
                0x0000000020000000                . = ALIGN (0x4)
                0x0000000020000000                _sdata = .
 *(.data)
 .data          0x0000000020000000        0x4 /Applications/ARM/bin/../lib/gcc/arm-none-eabi/10.3.1/thumb/v7-m/nofp/crtbegin.o
                0x0000000020000000                __dso_handle
 *(.data*)
 .data.id_type  0x0000000020000004        0x1 CMakeFiles/SerialPort_TO_CAN.elf.dir/Core/Src/RobotMain.cpp.obj
                0x0000000020000004                id_type
 *fill*         0x0000000020000005        0x3 
 .data.SystemCoreClock
                0x0000000020000008        0x4 CMakeFiles/SerialPort_TO_CAN.elf.dir/Core/Src/system_stm32f1xx.c.obj
                0x0000000020000008                SystemCoreClock
 .data.uwTickFreq
                0x000000002000000c        0x1 CMakeFiles/SerialPort_TO_CAN.elf.dir/Drivers/STM32F1xx_HAL_Driver/Src/stm32f1xx_hal.c.obj
                0x000000002000000c                uwTickFreq
 *fill*         0x000000002000000d        0x3 
 .data.uwTickPrio
                0x0000000020000010        0x4 CMakeFiles/SerialPort_TO_CAN.elf.dir/Drivers/STM32F1xx_HAL_Driver/Src/stm32f1xx_hal.c.obj
                0x0000000020000010                uwTickPrio
 .data._impure_ptr
                0x0000000020000014        0x4 /Applications/ARM/bin/../lib/gcc/arm-none-eabi/10.3.1/../../../../arm-none-eabi/lib/thumb/v7-m/nofp/libc.a(lib_a-impure.o)
                0x0000000020000014                _impure_ptr
 .data.impure_data
                0x0000000020000018      0x428 /Applications/ARM/bin/../lib/gcc/arm-none-eabi/10.3.1/../../../../arm-none-eabi/lib/thumb/v7-m/nofp/libc.a(lib_a-impure.o)
 .data.__atexit_recursive_mutex
                0x0000000020000440        0x4 /Applications/ARM/bin/../lib/gcc/arm-none-eabi/10.3.1/../../../../arm-none-eabi/lib/thumb/v7-m/nofp/libc.a(lib_a-__call_atexit.o)
                0x0000000020000440                __atexit_recursive_mutex
 *(.RamFunc)
 *(.RamFunc*)
                0x0000000020000444                . = ALIGN (0x4)
                0x0000000020000444                _edata = .

.igot.plt       0x0000000020000444        0x0 load address 0x00000000080043a8
 .igot.plt      0x0000000020000444        0x0 /Applications/ARM/bin/../lib/gcc/arm-none-eabi/10.3.1/thumb/v7-m/nofp/crtbegin.o
                0x0000000020000444                . = ALIGN (0x4)

.bss            0x0000000020000444      0xc30 load address 0x00000000080043a8
                0x0000000020000444                _sbss = .
                0x0000000020000444                __bss_start__ = _sbss
 *(.bss)
 .bss           0x0000000020000444       0x1c /Applications/ARM/bin/../lib/gcc/arm-none-eabi/10.3.1/thumb/v7-m/nofp/crtbegin.o
 *(.bss*)
 .bss.circular_buffer
                0x0000000020000460      0x410 CMakeFiles/SerialPort_TO_CAN.elf.dir/Core/Src/RobotMain.cpp.obj
                0x0000000020000460                circular_buffer
 .bss.crc8_calculator
                0x0000000020000870      0x102 CMakeFiles/SerialPort_TO_CAN.elf.dir/Core/Src/RobotMain.cpp.obj
                0x0000000020000870                crc8_calculator
 *fill*         0x0000000020000972        0x2 
 .bss.serial_port
                0x0000000020000974      0x414 CMakeFiles/SerialPort_TO_CAN.elf.dir/Core/Src/RobotMain.cpp.obj
                0x0000000020000974                serial_port
 .bss.serial_to_can
                0x0000000020000d88        0x8 CMakeFiles/SerialPort_TO_CAN.elf.dir/Core/Src/RobotMain.cpp.obj
                0x0000000020000d88                serial_to_can
 .bss.simple_binary_transfer
                0x0000000020000d90      0x224 CMakeFiles/SerialPort_TO_CAN.elf.dir/Core/Src/RobotMain.cpp.obj
                0x0000000020000d90                simple_binary_transfer
 .bss.hcan      0x0000000020000fb4       0x28 CMakeFiles/SerialPort_TO_CAN.elf.dir/Core/Src/can.c.obj
                0x0000000020000fb4                hcan
 .bss.hdma_usart1_rx
                0x0000000020000fdc       0x44 CMakeFiles/SerialPort_TO_CAN.elf.dir/Core/Src/usart.c.obj
                0x0000000020000fdc                hdma_usart1_rx
 .bss.huart1    0x0000000020001020       0x48 CMakeFiles/SerialPort_TO_CAN.elf.dir/Core/Src/usart.c.obj
                0x0000000020001020                huart1
 .bss.uwTick    0x0000000020001068        0x4 CMakeFiles/SerialPort_TO_CAN.elf.dir/Drivers/STM32F1xx_HAL_Driver/Src/stm32f1xx_hal.c.obj
                0x0000000020001068                uwTick
 .bss.__lock___atexit_recursive_mutex
                0x000000002000106c        0x1 /Applications/ARM/bin/../lib/gcc/arm-none-eabi/10.3.1/../../../../arm-none-eabi/lib/thumb/v7-m/nofp/libc.a(lib_a-lock.o)
                0x000000002000106c                __lock___atexit_recursive_mutex
 *fill*         0x000000002000106d        0x3 
 .bss.errno     0x0000000020001070        0x4 /Applications/ARM/bin/../lib/gcc/arm-none-eabi/10.3.1/../../../../arm-none-eabi/lib/thumb/v7-m/nofp/libc.a(lib_a-reent.o)
                0x0000000020001070                errno
 *(COMMON)
                0x0000000020001074                . = ALIGN (0x4)
                0x0000000020001074                _ebss = .
                0x0000000020001074                __bss_end__ = _ebss

._user_heap_stack
                0x0000000020001074      0x604 load address 0x00000000080043a8
                0x0000000020001078                . = ALIGN (0x8)
 *fill*         0x0000000020001074        0x4 
                [!provide]                        PROVIDE (end = .)
                0x0000000020001078                PROVIDE (_end = .)
                0x0000000020001278                . = (. + _Min_Heap_Size)
 *fill*         0x0000000020001078      0x200 
                0x0000000020001678                . = (. + _Min_Stack_Size)
 *fill*         0x0000000020001278      0x400 
                0x0000000020001678                . = ALIGN (0x8)

/DISCARD/
 libc.a(*)
 libm.a(*)
 libgcc.a(*)

.ARM.attributes
                0x0000000000000000       0x29
 *(.ARM.attributes)
 .ARM.attributes
                0x0000000000000000       0x1d /Applications/ARM/bin/../lib/gcc/arm-none-eabi/10.3.1/thumb/v7-m/nofp/crti.o
 .ARM.attributes
                0x000000000000001d       0x2d /Applications/ARM/bin/../lib/gcc/arm-none-eabi/10.3.1/thumb/v7-m/nofp/crtbegin.o
 .ARM.attributes
                0x000000000000004a       0x29 CMakeFiles/SerialPort_TO_CAN.elf.dir/Core/Src/RobotMain.cpp.obj
 .ARM.attributes
                0x0000000000000073       0x29 CMakeFiles/SerialPort_TO_CAN.elf.dir/Core/Src/can.c.obj
 .ARM.attributes
                0x000000000000009c       0x29 CMakeFiles/SerialPort_TO_CAN.elf.dir/Core/Src/dma.c.obj
 .ARM.attributes
                0x00000000000000c5       0x29 CMakeFiles/SerialPort_TO_CAN.elf.dir/Core/Src/gpio.c.obj
 .ARM.attributes
                0x00000000000000ee       0x29 CMakeFiles/SerialPort_TO_CAN.elf.dir/Core/Src/main.c.obj
 .ARM.attributes
                0x0000000000000117       0x29 CMakeFiles/SerialPort_TO_CAN.elf.dir/Core/Src/stm32f1xx_hal_msp.c.obj
 .ARM.attributes
                0x0000000000000140       0x29 CMakeFiles/SerialPort_TO_CAN.elf.dir/Core/Src/stm32f1xx_it.c.obj
 .ARM.attributes
                0x0000000000000169       0x29 CMakeFiles/SerialPort_TO_CAN.elf.dir/Core/Src/syscalls.c.obj
 .ARM.attributes
                0x0000000000000192       0x29 CMakeFiles/SerialPort_TO_CAN.elf.dir/Core/Src/system_stm32f1xx.c.obj
 .ARM.attributes
                0x00000000000001bb       0x29 CMakeFiles/SerialPort_TO_CAN.elf.dir/Core/Src/usart.c.obj
 .ARM.attributes
                0x00000000000001e4       0x21 CMakeFiles/SerialPort_TO_CAN.elf.dir/Core/Startup/startup_stm32f103c8tx.s.obj
 .ARM.attributes
                0x0000000000000205       0x29 CMakeFiles/SerialPort_TO_CAN.elf.dir/Drivers/STM32F1xx_HAL_Driver/Src/stm32f1xx_hal.c.obj
 .ARM.attributes
                0x000000000000022e       0x29 CMakeFiles/SerialPort_TO_CAN.elf.dir/Drivers/STM32F1xx_HAL_Driver/Src/stm32f1xx_hal_can.c.obj
 .ARM.attributes
                0x0000000000000257       0x29 CMakeFiles/SerialPort_TO_CAN.elf.dir/Drivers/STM32F1xx_HAL_Driver/Src/stm32f1xx_hal_cortex.c.obj
 .ARM.attributes
                0x0000000000000280       0x29 CMakeFiles/SerialPort_TO_CAN.elf.dir/Drivers/STM32F1xx_HAL_Driver/Src/stm32f1xx_hal_dma.c.obj
 .ARM.attributes
                0x00000000000002a9       0x29 CMakeFiles/SerialPort_TO_CAN.elf.dir/Drivers/STM32F1xx_HAL_Driver/Src/stm32f1xx_hal_gpio.c.obj
 .ARM.attributes
                0x00000000000002d2       0x29 CMakeFiles/SerialPort_TO_CAN.elf.dir/Drivers/STM32F1xx_HAL_Driver/Src/stm32f1xx_hal_rcc.c.obj
 .ARM.attributes
                0x00000000000002fb       0x29 CMakeFiles/SerialPort_TO_CAN.elf.dir/Drivers/STM32F1xx_HAL_Driver/Src/stm32f1xx_hal_uart.c.obj
 .ARM.attributes
                0x0000000000000324       0x29 CMakeFiles/SerialPort_TO_CAN.elf.dir/rdk/core/transfer/can_bus.cpp.obj
 .ARM.attributes
                0x000000000000034d       0x29 CMakeFiles/SerialPort_TO_CAN.elf.dir/rdk/core/transfer/circular_buffer.cpp.obj
 .ARM.attributes
                0x0000000000000376       0x29 CMakeFiles/SerialPort_TO_CAN.elf.dir/rdk/core/transfer/crc.cpp.obj
 .ARM.attributes
                0x000000000000039f       0x29 CMakeFiles/SerialPort_TO_CAN.elf.dir/rdk/core/transfer/serial_port.cpp.obj
 .ARM.attributes
                0x00000000000003c8       0x29 CMakeFiles/SerialPort_TO_CAN.elf.dir/rdk/core/transfer/serial_to_can.cpp.obj
 .ARM.attributes
                0x00000000000003f1       0x29 CMakeFiles/SerialPort_TO_CAN.elf.dir/rdk/core/transfer/simple_binary_transfer.cpp.obj
 .ARM.attributes
                0x000000000000041a       0x2d /Applications/ARM/bin/../lib/gcc/arm-none-eabi/10.3.1/../../../../arm-none-eabi/lib/thumb/v7-m/nofp/libstdc++.a(atexit_arm.o)
 .ARM.attributes
                0x0000000000000447       0x2d /Applications/ARM/bin/../lib/gcc/arm-none-eabi/10.3.1/thumb/v7-m/nofp/libgcc.a(unwind-arm.o)
 .ARM.attributes
                0x0000000000000474       0x1d /Applications/ARM/bin/../lib/gcc/arm-none-eabi/10.3.1/thumb/v7-m/nofp/libgcc.a(libunwind.o)
 .ARM.attributes
                0x0000000000000491       0x2d /Applications/ARM/bin/../lib/gcc/arm-none-eabi/10.3.1/thumb/v7-m/nofp/libgcc.a(pr-support.o)
 .ARM.attributes
                0x00000000000004be       0x2d /Applications/ARM/bin/../lib/gcc/arm-none-eabi/10.3.1/../../../../arm-none-eabi/lib/thumb/v7-m/nofp/libc.a(lib_a-abort.o)
 .ARM.attributes
                0x00000000000004eb       0x2d /Applications/ARM/bin/../lib/gcc/arm-none-eabi/10.3.1/../../../../arm-none-eabi/lib/thumb/v7-m/nofp/libc.a(lib_a-cxa_atexit.o)
 .ARM.attributes
                0x0000000000000518       0x2d /Applications/ARM/bin/../lib/gcc/arm-none-eabi/10.3.1/../../../../arm-none-eabi/lib/thumb/v7-m/nofp/libc.a(lib_a-errno.o)
 .ARM.attributes
                0x0000000000000545       0x2d /Applications/ARM/bin/../lib/gcc/arm-none-eabi/10.3.1/../../../../arm-none-eabi/lib/thumb/v7-m/nofp/libc.a(lib_a-impure.o)
 .ARM.attributes
                0x0000000000000572       0x2d /Applications/ARM/bin/../lib/gcc/arm-none-eabi/10.3.1/../../../../arm-none-eabi/lib/thumb/v7-m/nofp/libc.a(lib_a-init.o)
 .ARM.attributes
                0x000000000000059f       0x1b /Applications/ARM/bin/../lib/gcc/arm-none-eabi/10.3.1/../../../../arm-none-eabi/lib/thumb/v7-m/nofp/libc.a(lib_a-memcpy.o)
 .ARM.attributes
                0x00000000000005ba       0x2d /Applications/ARM/bin/../lib/gcc/arm-none-eabi/10.3.1/../../../../arm-none-eabi/lib/thumb/v7-m/nofp/libc.a(lib_a-memset.o)
 .ARM.attributes
                0x00000000000005e7       0x2d /Applications/ARM/bin/../lib/gcc/arm-none-eabi/10.3.1/../../../../arm-none-eabi/lib/thumb/v7-m/nofp/libc.a(lib_a-signal.o)
 .ARM.attributes
                0x0000000000000614       0x2d /Applications/ARM/bin/../lib/gcc/arm-none-eabi/10.3.1/../../../../arm-none-eabi/lib/thumb/v7-m/nofp/libc.a(lib_a-signalr.o)
 .ARM.attributes
                0x0000000000000641       0x2d /Applications/ARM/bin/../lib/gcc/arm-none-eabi/10.3.1/../../../../arm-none-eabi/lib/thumb/v7-m/nofp/libc.a(lib_a-__atexit.o)
 .ARM.attributes
                0x000000000000066e       0x2d /Applications/ARM/bin/../lib/gcc/arm-none-eabi/10.3.1/../../../../arm-none-eabi/lib/thumb/v7-m/nofp/libc.a(lib_a-__call_atexit.o)
 .ARM.attributes
                0x000000000000069b       0x2d /Applications/ARM/bin/../lib/gcc/arm-none-eabi/10.3.1/../../../../arm-none-eabi/lib/thumb/v7-m/nofp/libc.a(lib_a-atexit.o)
 .ARM.attributes
                0x00000000000006c8       0x2d /Applications/ARM/bin/../lib/gcc/arm-none-eabi/10.3.1/../../../../arm-none-eabi/lib/thumb/v7-m/nofp/libc.a(lib_a-fini.o)
 .ARM.attributes
                0x00000000000006f5       0x2d /Applications/ARM/bin/../lib/gcc/arm-none-eabi/10.3.1/../../../../arm-none-eabi/lib/thumb/v7-m/nofp/libc.a(lib_a-lock.o)
 .ARM.attributes
                0x0000000000000722       0x2d /Applications/ARM/bin/../lib/gcc/arm-none-eabi/10.3.1/../../../../arm-none-eabi/lib/thumb/v7-m/nofp/libc.a(lib_a-reent.o)
 .ARM.attributes
                0x000000000000074f       0x1d /Applications/ARM/bin/../lib/gcc/arm-none-eabi/10.3.1/thumb/v7-m/nofp/crtn.o
OUTPUT(SerialPort_TO_CAN.elf elf32-littlearm)
LOAD linker stubs
LOAD /Applications/ARM/bin/../lib/gcc/arm-none-eabi/10.3.1/../../../../arm-none-eabi/lib/thumb/v7-m/nofp/libc.a
LOAD /Applications/ARM/bin/../lib/gcc/arm-none-eabi/10.3.1/../../../../arm-none-eabi/lib/thumb/v7-m/nofp/libm.a
LOAD /Applications/ARM/bin/../lib/gcc/arm-none-eabi/10.3.1/thumb/v7-m/nofp/libgcc.a

.comment        0x0000000000000000       0x49
 .comment       0x0000000000000000       0x49 CMakeFiles/SerialPort_TO_CAN.elf.dir/Core/Src/RobotMain.cpp.obj
                                         0x4a (size before relaxing)
 .comment       0x0000000000000049       0x4a CMakeFiles/SerialPort_TO_CAN.elf.dir/Core/Src/can.c.obj
 .comment       0x0000000000000049       0x4a CMakeFiles/SerialPort_TO_CAN.elf.dir/Core/Src/dma.c.obj
 .comment       0x0000000000000049       0x4a CMakeFiles/SerialPort_TO_CAN.elf.dir/Core/Src/gpio.c.obj
 .comment       0x0000000000000049       0x4a CMakeFiles/SerialPort_TO_CAN.elf.dir/Core/Src/main.c.obj
 .comment       0x0000000000000049       0x4a CMakeFiles/SerialPort_TO_CAN.elf.dir/Core/Src/stm32f1xx_hal_msp.c.obj
 .comment       0x0000000000000049       0x4a CMakeFiles/SerialPort_TO_CAN.elf.dir/Core/Src/stm32f1xx_it.c.obj
 .comment       0x0000000000000049       0x4a CMakeFiles/SerialPort_TO_CAN.elf.dir/Core/Src/syscalls.c.obj
 .comment       0x0000000000000049       0x4a CMakeFiles/SerialPort_TO_CAN.elf.dir/Core/Src/system_stm32f1xx.c.obj
 .comment       0x0000000000000049       0x4a CMakeFiles/SerialPort_TO_CAN.elf.dir/Core/Src/usart.c.obj
 .comment       0x0000000000000049       0x4a CMakeFiles/SerialPort_TO_CAN.elf.dir/Drivers/STM32F1xx_HAL_Driver/Src/stm32f1xx_hal.c.obj
 .comment       0x0000000000000049       0x4a CMakeFiles/SerialPort_TO_CAN.elf.dir/Drivers/STM32F1xx_HAL_Driver/Src/stm32f1xx_hal_can.c.obj
 .comment       0x0000000000000049       0x4a CMakeFiles/SerialPort_TO_CAN.elf.dir/Drivers/STM32F1xx_HAL_Driver/Src/stm32f1xx_hal_cortex.c.obj
 .comment       0x0000000000000049       0x4a CMakeFiles/SerialPort_TO_CAN.elf.dir/Drivers/STM32F1xx_HAL_Driver/Src/stm32f1xx_hal_dma.c.obj
 .comment       0x0000000000000049       0x4a CMakeFiles/SerialPort_TO_CAN.elf.dir/Drivers/STM32F1xx_HAL_Driver/Src/stm32f1xx_hal_gpio.c.obj
 .comment       0x0000000000000049       0x4a CMakeFiles/SerialPort_TO_CAN.elf.dir/Drivers/STM32F1xx_HAL_Driver/Src/stm32f1xx_hal_rcc.c.obj
 .comment       0x0000000000000049       0x4a CMakeFiles/SerialPort_TO_CAN.elf.dir/Drivers/STM32F1xx_HAL_Driver/Src/stm32f1xx_hal_uart.c.obj
 .comment       0x0000000000000049       0x4a CMakeFiles/SerialPort_TO_CAN.elf.dir/rdk/core/transfer/can_bus.cpp.obj
 .comment       0x0000000000000049       0x4a CMakeFiles/SerialPort_TO_CAN.elf.dir/rdk/core/transfer/circular_buffer.cpp.obj
 .comment       0x0000000000000049       0x4a CMakeFiles/SerialPort_TO_CAN.elf.dir/rdk/core/transfer/crc.cpp.obj
 .comment       0x0000000000000049       0x4a CMakeFiles/SerialPort_TO_CAN.elf.dir/rdk/core/transfer/serial_port.cpp.obj
 .comment       0x0000000000000049       0x4a CMakeFiles/SerialPort_TO_CAN.elf.dir/rdk/core/transfer/serial_to_can.cpp.obj
 .comment       0x0000000000000049       0x4a CMakeFiles/SerialPort_TO_CAN.elf.dir/rdk/core/transfer/simple_binary_transfer.cpp.obj

.debug_frame    0x0000000000000000      0x808
 .debug_frame   0x0000000000000000       0x20 /Applications/ARM/bin/../lib/gcc/arm-none-eabi/10.3.1/../../../../arm-none-eabi/lib/thumb/v7-m/nofp/libstdc++.a(atexit_arm.o)
 .debug_frame   0x0000000000000020      0x2e0 /Applications/ARM/bin/../lib/gcc/arm-none-eabi/10.3.1/thumb/v7-m/nofp/libgcc.a(unwind-arm.o)
 .debug_frame   0x0000000000000300       0xf4 /Applications/ARM/bin/../lib/gcc/arm-none-eabi/10.3.1/thumb/v7-m/nofp/libgcc.a(pr-support.o)
 .debug_frame   0x00000000000003f4       0x28 /Applications/ARM/bin/../lib/gcc/arm-none-eabi/10.3.1/../../../../arm-none-eabi/lib/thumb/v7-m/nofp/libc.a(lib_a-abort.o)
 .debug_frame   0x000000000000041c       0x2c /Applications/ARM/bin/../lib/gcc/arm-none-eabi/10.3.1/../../../../arm-none-eabi/lib/thumb/v7-m/nofp/libc.a(lib_a-cxa_atexit.o)
 .debug_frame   0x0000000000000448       0x20 /Applications/ARM/bin/../lib/gcc/arm-none-eabi/10.3.1/../../../../arm-none-eabi/lib/thumb/v7-m/nofp/libc.a(lib_a-errno.o)
 .debug_frame   0x0000000000000468       0x2c /Applications/ARM/bin/../lib/gcc/arm-none-eabi/10.3.1/../../../../arm-none-eabi/lib/thumb/v7-m/nofp/libc.a(lib_a-init.o)
 .debug_frame   0x0000000000000494       0x2c /Applications/ARM/bin/../lib/gcc/arm-none-eabi/10.3.1/../../../../arm-none-eabi/lib/thumb/v7-m/nofp/libc.a(lib_a-memset.o)
 .debug_frame   0x00000000000004c0      0x114 /Applications/ARM/bin/../lib/gcc/arm-none-eabi/10.3.1/../../../../arm-none-eabi/lib/thumb/v7-m/nofp/libc.a(lib_a-signal.o)
 .debug_frame   0x00000000000005d4       0x3c /Applications/ARM/bin/../lib/gcc/arm-none-eabi/10.3.1/../../../../arm-none-eabi/lib/thumb/v7-m/nofp/libc.a(lib_a-signalr.o)
 .debug_frame   0x0000000000000610       0x34 /Applications/ARM/bin/../lib/gcc/arm-none-eabi/10.3.1/../../../../arm-none-eabi/lib/thumb/v7-m/nofp/libc.a(lib_a-__atexit.o)
 .debug_frame   0x0000000000000644       0x5c /Applications/ARM/bin/../lib/gcc/arm-none-eabi/10.3.1/../../../../arm-none-eabi/lib/thumb/v7-m/nofp/libc.a(lib_a-__call_atexit.o)
 .debug_frame   0x00000000000006a0       0x20 /Applications/ARM/bin/../lib/gcc/arm-none-eabi/10.3.1/../../../../arm-none-eabi/lib/thumb/v7-m/nofp/libc.a(lib_a-atexit.o)
 .debug_frame   0x00000000000006c0       0x34 /Applications/ARM/bin/../lib/gcc/arm-none-eabi/10.3.1/../../../../arm-none-eabi/lib/thumb/v7-m/nofp/libc.a(lib_a-fini.o)
 .debug_frame   0x00000000000006f4       0xb0 /Applications/ARM/bin/../lib/gcc/arm-none-eabi/10.3.1/../../../../arm-none-eabi/lib/thumb/v7-m/nofp/libc.a(lib_a-lock.o)
 .debug_frame   0x00000000000007a4       0x64 /Applications/ARM/bin/../lib/gcc/arm-none-eabi/10.3.1/../../../../arm-none-eabi/lib/thumb/v7-m/nofp/libc.a(lib_a-reent.o)
